MPLINK 5.00, LINKER
Linker Map File - Created Tue Feb 28 20:29:42 2023

                                 Section Info
                  Section       Type    Address   Location Size(Bytes)
                ---------  ---------  ---------  ---------  ---------
               _entry_scn       code   0x000000    program   0x000006
           .code___init.o       code   0x000006    program   0x000002
      InterruptVectorHigh       code   0x000008    program   0x000006
     .idata_interrupt.o_i    romdata   0x00000e    program   0x000004
       InterruptVectorLow       code   0x000018    program   0x000006
                   .cinit    romdata   0x00001e    program   0x000056
             .code_main.o       code   0x000074    program   0x004c36
              .code_lcd.o       code   0x004caa    program   0x0010f2
             .stringtable    romdata   0x005d9c    program   0x00062f
.romdata_simulate_machine.o    romdata   0x0063cb    program   0x000000
          .idata_uart.o_i    romdata   0x0063cb    program   0x000000
          .romdata_uart.o    romdata   0x0063cb    program   0x000000
           .idata_adc.o_i    romdata   0x0063cb    program   0x000000
           .romdata_adc.o    romdata   0x0063cb    program   0x000000
      .idata_fxd0808u.o_i    romdata   0x0063cb    program   0x000000
      .romdata_fxd0808u.o    romdata   0x0063cb    program   0x000000
        .romdata___init.o    romdata   0x0063cb    program   0x000000
      .idata_fxd1616u.o_i    romdata   0x0063cb    program   0x000000
      .romdata_fxd1616u.o    romdata   0x0063cb    program   0x000000
        .idata___init.o_i    romdata   0x0063cb    program   0x000000
      .idata_fxd2424u.o_i    romdata   0x0063cb    program   0x000000
      .romdata_fxd2424u.o    romdata   0x0063cb    program   0x000000
      .idata_fxd3232u.o_i    romdata   0x0063cb    program   0x000000
      .romdata_fxd3232u.o    romdata   0x0063cb    program   0x000000
       .idata_fxm3232.o_i    romdata   0x0063cb    program   0x000000
       .romdata_fxm3232.o    romdata   0x0063cb    program   0x000000
         .idata_c018i.o_i    romdata   0x0063cb    program   0x000000
         .romdata_c018i.o    romdata   0x0063cb    program   0x000000
        .romdata_button.o    romdata   0x0063cb    program   0x000000
           .romdata_lcd.o    romdata   0x0063cb    program   0x000000
     .romdata_interrupt.o    romdata   0x0063cb    program   0x000000
         .romdata_timer.o    romdata   0x0063cb    program   0x000000
           .romdata_i2c.o    romdata   0x0063cb    program   0x000000
          .romdata_main.o    romdata   0x0063cb    program   0x000000
            .code_c018i.o       code   0x0063cc    program   0x000000
             .code_uart.o       code   0x0063cc    program   0x00059c
            .code_timer.o       code   0x006968    program   0x000530
           .code_button.o       code   0x006e98    program   0x00046c
                     PROG       code   0x007304    program   0x000300
              .code_i2c.o       code   0x007604    program   0x00023a
        .code_interrupt.o       code   0x00783e    program   0x0001c4
 .code_simulate_machine.o       code   0x007a02    program   0x000172
               _cinit_scn       code   0x007b74    program   0x00009e
              .code_adc.o       code   0x007c12    program   0x00008c
          .code_fxm3232.o       code   0x007c9e    program   0x000070
         .code_fxd3232u.o       code   0x007d0e    program   0x000048
         .code_fxd2424u.o       code   0x007d56    program   0x00003a
         .code_fxd1616u.o       code   0x007d90    program   0x00002c
                    .code       code   0x007dbc    program   0x000020
             _startup_scn       code   0x007ddc    program   0x00001c
         .code_fxd0808u.o       code   0x007df8    program   0x00001c
         .idata_timer.o_i    romdata   0x007e14    program   0x000020
.idata_simulate_machine.o_i    romdata   0x007e34    program   0x000014
          .idata_main.o_i    romdata   0x007e48    program   0x00007a
           .idata_lcd.o_i    romdata   0x007ec2    program   0x000061
           .idata_i2c.o_i    romdata   0x007f23    program   0x00001b
        .idata_button.o_i    romdata   0x007f3e    program   0x000028
    .config_300001_main.o    romdata   0x300001    program   0x000001
    .config_300002_main.o    romdata   0x300002    program   0x000001
    .config_300003_main.o    romdata   0x300003    program   0x000001
    .config_300005_main.o    romdata   0x300005    program   0x000001
    .config_300006_main.o    romdata   0x300006    program   0x000001
    .config_300008_main.o    romdata   0x300008    program   0x000001
    .config_300009_main.o    romdata   0x300009    program   0x000001
    .config_30000a_main.o    romdata   0x30000a    program   0x000001
    .config_30000b_main.o    romdata   0x30000b    program   0x000001
    .config_30000c_main.o    romdata   0x30000c    program   0x000001
    .config_30000d_main.o    romdata   0x30000d    program   0x000001
                MATH_DATA      udata   0x000000       data   0x000014
                 .tmpdata      udata   0x000014       data   0x00000a
            .idata_main.o      idata   0x000080       data   0x00007a
             .udata_lcd.o      udata   0x0000fa       data   0x000004
             .udata_i2c.o      udata   0x0000fe       data   0x000001
             .udata_adc.o      udata   0x0000ff       data   0x000000
             .idata_adc.o      idata   0x0000ff       data   0x000000
        .udata_fxd0808u.o      udata   0x0000ff       data   0x000000
        .idata_fxd0808u.o      idata   0x0000ff       data   0x000000
        .udata_fxd1616u.o      udata   0x0000ff       data   0x000000
        .idata_fxd1616u.o      idata   0x0000ff       data   0x000000
        .udata_fxd2424u.o      udata   0x0000ff       data   0x000000
        .idata_fxd2424u.o      idata   0x0000ff       data   0x000000
        .udata_fxd3232u.o      udata   0x0000ff       data   0x000000
        .idata_fxd3232u.o      idata   0x0000ff       data   0x000000
         .udata_fxm3232.o      udata   0x0000ff       data   0x000000
         .idata_fxm3232.o      idata   0x0000ff       data   0x000000
          .udata___init.o      udata   0x0000ff       data   0x000000
          .idata___init.o      idata   0x0000ff       data   0x000000
           .idata_c018i.o      idata   0x0000ff       data   0x000000
          .udata_button.o      udata   0x0000ff       data   0x000000
       .udata_interrupt.o      udata   0x0000ff       data   0x000000
           .udata_timer.o      udata   0x0000ff       data   0x000000
            .udata_uart.o      udata   0x0000ff       data   0x000000
            .idata_uart.o      idata   0x0000ff       data   0x000000
             .idata_lcd.o      idata   0x000100       data   0x000061
          .idata_button.o      idata   0x000161       data   0x000028
            .udata_main.o      udata   0x000189       data   0x000021
           .idata_timer.o      idata   0x0001aa       data   0x000020
.idata_simulate_machine.o      idata   0x0001ca       data   0x000014
           .udata_c018i.o      udata   0x0001de       data   0x00000a
       .idata_interrupt.o      idata   0x0001e8       data   0x000004
                   .stack      udata   0x000e00       data   0x000100
.udata_simulate_machine.o      udata   0x000f00       data   0x000065
             .idata_i2c.o      idata   0x000f65       data   0x00001b
            SFR_UNBANKED0      udata   0x000f80       data   0x000080



                              Program Memory Usage 
                               Start         End      
                           ---------   ---------      
                            0x000000    0x000011      
                            0x000018    0x0063ca      
                            0x0063cc    0x007f65      
                            0x300001    0x300003      
                            0x300005    0x300006      
                            0x300008    0x30000d      
            32618 out of 66584 program addresses used, program memory utilization is 48%



                              Symbols - Sorted by Name
                     Name    Address   Location    Storage File                     
                ---------  ---------  ---------  --------- ---------                
                    Alarm   0x002c50    program     extern D:\DA TKLL\PICKITMPLAB\Bai9_I2C_Full\main.c
                  BCD2Dec   0x007604    program     extern D:\DA TKLL\PICKITMPLAB\Bai9_I2C_Full\i2c\i2c.c
               BaiTap_I2C   0x0005d0    program     extern D:\DA TKLL\PICKITMPLAB\Bai9_I2C_Full\main.c
                CalibTime   0x0033a8    program     extern D:\DA TKLL\PICKITMPLAB\Bai9_I2C_Full\main.c
              CompareTime   0x0024b8    program     extern D:\DA TKLL\PICKITMPLAB\Bai9_I2C_Full\main.c
                   D1616S   0x007350    program     static E:\3.46\pic18-lt\cxx-framework\src\traditional\math\fxd1616s.asm
                D1616SNEG   0x00735e    program     static E:\3.46\pic18-lt\cxx-framework\src\traditional\math\fxd1616s.asm
                 D1616SOK   0x00735a    program     static E:\3.46\pic18-lt\cxx-framework\src\traditional\math\fxd1616s.asm
                  D1616SX   0x007370    program     static E:\3.46\pic18-lt\cxx-framework\src\traditional\math\fxd1616s.asm
                   D2424S   0x0073a4    program     static E:\3.46\pic18-lt\cxx-framework\src\traditional\math\fxd2424s.asm
                D2424SNEG   0x0073b2    program     static E:\3.46\pic18-lt\cxx-framework\src\traditional\math\fxd2424s.asm
                 D2424SOK   0x0073ae    program     static E:\3.46\pic18-lt\cxx-framework\src\traditional\math\fxd2424s.asm
                  D2424SX   0x0073ca    program     static E:\3.46\pic18-lt\cxx-framework\src\traditional\math\fxd2424s.asm
                   D3232S   0x007404    program     static E:\3.46\pic18-lt\cxx-framework\src\traditional\math\fxd3232s.asm
                D3232SNEG   0x007412    program     static E:\3.46\pic18-lt\cxx-framework\src\traditional\math\fxd3232s.asm
                 D3232SOK   0x00740e    program     static E:\3.46\pic18-lt\cxx-framework\src\traditional\math\fxd3232s.asm
                  D3232SX   0x007432    program     static E:\3.46\pic18-lt\cxx-framework\src\traditional\math\fxd3232s.asm
                  DA1616S   0x007340    program     static E:\3.46\pic18-lt\cxx-framework\src\traditional\math\fxd1616s.asm
                  DA2424S   0x007390    program     static E:\3.46\pic18-lt\cxx-framework\src\traditional\math\fxd2424s.asm
                  DA3232S   0x0073ee    program     static E:\3.46\pic18-lt\cxx-framework\src\traditional\math\fxd3232s.asm
                  Dec2BCD   0x007642    program     extern D:\DA TKLL\PICKITMPLAB\Bai9_I2C_Full\i2c\i2c.c
        DisplayAlarm2Time   0x0015c6    program     extern D:\DA TKLL\PICKITMPLAB\Bai9_I2C_Full\main.c
        DisplayAlarm3Time   0x001776    program     extern D:\DA TKLL\PICKITMPLAB\Bai9_I2C_Full\main.c
         DisplayAlarmTime   0x00142e    program     extern D:\DA TKLL\PICKITMPLAB\Bai9_I2C_Full\main.c
       DisplayDataReceive   0x007ad8    program     extern D:\DA TKLL\PICKITMPLAB\Bai9_I2C_Full\simulate_machine\simulate_machine.c
         DisplayLcdScreen   0x0055f2    program     extern D:\DA TKLL\PICKITMPLAB\Bai9_I2C_Full\lcd\lcd.c
        DisplayLcdScreen2   0x0056ea    program     extern D:\DA TKLL\PICKITMPLAB\Bai9_I2C_Full\lcd\lcd.c
      DisplayLcdScreenOld   0x005770    program     extern D:\DA TKLL\PICKITMPLAB\Bai9_I2C_Full\lcd\lcd.c
              DisplayTime   0x000764    program     extern D:\DA TKLL\PICKITMPLAB\Bai9_I2C_Full\main.c
                 FLO1632S   0x007308    program     extern E:\3.46\pic18-lt\cxx-framework\src\traditional\math\cast16FP.asm
                 FLO1632U   0x007304    program     extern E:\3.46\pic18-lt\cxx-framework\src\traditional\math\cast16FP.asm
                 FSMQUES1   0x004280    program     extern D:\DA TKLL\PICKITMPLAB\Bai9_I2C_Full\main.c
                 FXD0808U   0x007df8    program     extern E:\3.46\pic18-lt\cxx-framework\src\traditional\math\fxd0808u.c
                 FXD1616S   0x00732e    program     extern E:\3.46\pic18-lt\cxx-framework\src\traditional\math\fxd1616s.asm
                 FXD1616U   0x007d90    program     extern E:\3.46\pic18-lt\cxx-framework\src\traditional\math\fxd1616u.c
                 FXD2424S   0x00737a    program     extern E:\3.46\pic18-lt\cxx-framework\src\traditional\math\fxd2424s.asm
                 FXD2424U   0x007d56    program     extern E:\3.46\pic18-lt\cxx-framework\src\traditional\math\fxd2424u.c
                 FXD3232S   0x0073d4    program     extern E:\3.46\pic18-lt\cxx-framework\src\traditional\math\fxd3232s.asm
                 FXD3232U   0x007d0e    program     extern E:\3.46\pic18-lt\cxx-framework\src\traditional\math\fxd3232u.c
                  FXM3232   0x007c9e    program     extern E:\3.46\pic18-lt\cxx-framework\src\traditional\math\fxm3232.c
      InterruptVectorHigh   0x000008    program     extern D:\DA TKLL\PICKITMPLAB\Bai9_I2C_Full\interrupt\interrupt.c
       InterruptVectorLow   0x000018    program     extern D:\DA TKLL\PICKITMPLAB\Bai9_I2C_Full\interrupt\interrupt.c
                LcdClearS   0x005594    program     extern D:\DA TKLL\PICKITMPLAB\Bai9_I2C_Full\lcd\lcd.c
            LcdPrintCharS   0x0057da    program     extern D:\DA TKLL\PICKITMPLAB\Bai9_I2C_Full\lcd\lcd.c
              LcdPrintNum   0x0054d2    program     extern D:\DA TKLL\PICKITMPLAB\Bai9_I2C_Full\lcd\lcd.c
      LcdPrintNumPercentS   0x005ad4    program     extern D:\DA TKLL\PICKITMPLAB\Bai9_I2C_Full\lcd\lcd.c
             LcdPrintNumS   0x005830    program     extern D:\DA TKLL\PICKITMPLAB\Bai9_I2C_Full\lcd\lcd.c
           LcdPrintString   0x00551a    program     extern D:\DA TKLL\PICKITMPLAB\Bai9_I2C_Full\lcd\lcd.c
          LcdPrintStringS   0x005a7e    program     extern D:\DA TKLL\PICKITMPLAB\Bai9_I2C_Full\lcd\lcd.c
                  ModeUTC   0x002d00    program     extern D:\DA TKLL\PICKITMPLAB\Bai9_I2C_Full\main.c
       ReadDataFromDS1307   0x000596    program     extern D:\DA TKLL\PICKITMPLAB\Bai9_I2C_Full\main.c
              Read_DS1307   0x007824    program     extern D:\DA TKLL\PICKITMPLAB\Bai9_I2C_Full\i2c\i2c.c
             SendDataUART   0x003494    program     extern D:\DA TKLL\PICKITMPLAB\Bai9_I2C_Full\main.c
             SetTimer0_ms   0x006dde    program     extern D:\DA TKLL\PICKITMPLAB\Bai9_I2C_Full\timer\timer.c
             SetTimer1_ms   0x006e1c    program     extern D:\DA TKLL\PICKITMPLAB\Bai9_I2C_Full\timer\timer.c
             SetTimer3_ms   0x006e5a    program     extern D:\DA TKLL\PICKITMPLAB\Bai9_I2C_Full\timer\timer.c
               SetUpAlarm   0x001d6c    program     extern D:\DA TKLL\PICKITMPLAB\Bai9_I2C_Full\main.c
              SetUpAlarm2   0x001f9c    program     extern D:\DA TKLL\PICKITMPLAB\Bai9_I2C_Full\main.c
              SetUpAlarm3   0x0021bc    program     extern D:\DA TKLL\PICKITMPLAB\Bai9_I2C_Full\main.c
                SetUpTime   0x001926    program     extern D:\DA TKLL\PICKITMPLAB\Bai9_I2C_Full\main.c
     SetupForFirstProgram   0x00053c    program     extern D:\DA TKLL\PICKITMPLAB\Bai9_I2C_Full\main.c
     SetupTimeForRealTime   0x0004ae    program     extern D:\DA TKLL\PICKITMPLAB\Bai9_I2C_Full\main.c
         SimulatedataSend   0x007ad6    program     extern D:\DA TKLL\PICKITMPLAB\Bai9_I2C_Full\simulate_machine\simulate_machine.c
                  TALTB32   0x00743c    program     extern E:\3.46\pic18-lt\cxx-framework\src\traditional\math\ltFP.asm
   UartDataReceiveProcess   0x003e70    program     extern D:\DA TKLL\PICKITMPLAB\Bai9_I2C_Full\main.c
              UartSendNum   0x0065fc    program     extern D:\DA TKLL\PICKITMPLAB\Bai9_I2C_Full\uart\uart.c
       UartSendNumPercent   0x006832    program     extern D:\DA TKLL\PICKITMPLAB\Bai9_I2C_Full\uart\uart.c
           UartSendString   0x0064ce    program     extern D:\DA TKLL\PICKITMPLAB\Bai9_I2C_Full\uart\uart.c
             Write_DS1307   0x007802    program     extern D:\DA TKLL\PICKITMPLAB\Bai9_I2C_Full\i2c\i2c.c
              __FpCompare   0x00744e    program     extern E:\3.46\pic18-lt\cxx-framework\src\traditional\math\compFP.asm
                 __FpExit   0x007504    program     extern E:\3.46\pic18-lt\cxx-framework\src\traditional\math\packFP.asm
                 __FpPack   0x007530    program     extern E:\3.46\pic18-lt\cxx-framework\src\traditional\math\packFP.asm
            __FpReturnNaN   0x0074f8    program     extern E:\3.46\pic18-lt\cxx-framework\src\traditional\math\packFP.asm
         __FpReturnNegInf   0x00750a    program     extern E:\3.46\pic18-lt\cxx-framework\src\traditional\math\packFP.asm
        __FpReturnNegZero   0x007522    program     extern E:\3.46\pic18-lt\cxx-framework\src\traditional\math\packFP.asm
         __FpReturnPosInf   0x007510    program     extern E:\3.46\pic18-lt\cxx-framework\src\traditional\math\packFP.asm
        __FpReturnPosZero   0x00752a    program     extern E:\3.46\pic18-lt\cxx-framework\src\traditional\math\packFP.asm
        __FpReturnSignInf   0x007506    program     extern E:\3.46\pic18-lt\cxx-framework\src\traditional\math\packFP.asm
       __FpReturnSignZero   0x00751e    program     extern E:\3.46\pic18-lt\cxx-framework\src\traditional\math\packFP.asm
              __FpReturnW   0x007588    program     extern E:\3.46\pic18-lt\cxx-framework\src\traditional\math\packFP.asm
              __FpUnPackA   0x0075a8    program     extern E:\3.46\pic18-lt\cxx-framework\src\traditional\math\UnpackFP.asm
              __FpUnPackB   0x0075d8    program     extern E:\3.46\pic18-lt\cxx-framework\src\traditional\math\UnpackFP.asm
       ___return_lbl00000   0x007d0c    program     static                          
       ___return_lbl00000   0x007e12    program     static                          
       ___return_lbl00000   0x007d8e    program     static                          
       ___return_lbl00000   0x000004    program     static                          
       ___return_lbl00000   0x007dba    program     static                          
       ___return_lbl00000   0x007d54    program     static                          
       ___return_lbl00001   0x007df6    program     static                          
       ___return_lbl00002   0x00001c    program     static                          
       ___return_lbl00002   0x007c10    program     static                          
       ___return_lbl00003   0x00000c    program     static                          
               __config_0   0x300001    program     static D:\DA TKLL\PICKITMPLAB\Bai9_I2C_Full\main.c
               __config_1   0x300002    program     static D:\DA TKLL\PICKITMPLAB\Bai9_I2C_Full\main.c
              __config_10   0x30000d    program     static D:\DA TKLL\PICKITMPLAB\Bai9_I2C_Full\main.c
               __config_2   0x300003    program     static D:\DA TKLL\PICKITMPLAB\Bai9_I2C_Full\main.c
               __config_3   0x300005    program     static D:\DA TKLL\PICKITMPLAB\Bai9_I2C_Full\main.c
               __config_4   0x300006    program     static D:\DA TKLL\PICKITMPLAB\Bai9_I2C_Full\main.c
               __config_5   0x300008    program     static D:\DA TKLL\PICKITMPLAB\Bai9_I2C_Full\main.c
               __config_6   0x300009    program     static D:\DA TKLL\PICKITMPLAB\Bai9_I2C_Full\main.c
               __config_7   0x30000a    program     static D:\DA TKLL\PICKITMPLAB\Bai9_I2C_Full\main.c
               __config_8   0x30000b    program     static D:\DA TKLL\PICKITMPLAB\Bai9_I2C_Full\main.c
               __config_9   0x30000c    program     static D:\DA TKLL\PICKITMPLAB\Bai9_I2C_Full\main.c
                   __init   0x000006    program     extern E:\3.46\pic18-lt\cxx-framework\src\traditional\stdclib\__init.c
               __string_0   0x005d9c    program     static D:\DA TKLL\PICKITMPLAB\Bai9_I2C_Full\lcd\lcd.c
               __string_0   0x0063a8    program     static D:\DA TKLL\PICKITMPLAB\Bai9_I2C_Full\main.c
               __string_0   0x0063c4    program     static D:\DA TKLL\PICKITMPLAB\Bai9_I2C_Full\simulate_machine\simulate_machine.c
               __string_0   0x0063c7    program     static D:\DA TKLL\PICKITMPLAB\Bai9_I2C_Full\uart\uart.c
               __string_1   0x0063a4    program     static D:\DA TKLL\PICKITMPLAB\Bai9_I2C_Full\main.c
               __string_1   0x0063b3    program     static D:\DA TKLL\PICKITMPLAB\Bai9_I2C_Full\simulate_machine\simulate_machine.c
              __string_10   0x006380    program     static D:\DA TKLL\PICKITMPLAB\Bai9_I2C_Full\main.c
             __string_100   0x006178    program     static D:\DA TKLL\PICKITMPLAB\Bai9_I2C_Full\main.c
             __string_101   0x006174    program     static D:\DA TKLL\PICKITMPLAB\Bai9_I2C_Full\main.c
             __string_102   0x00616c    program     static D:\DA TKLL\PICKITMPLAB\Bai9_I2C_Full\main.c
             __string_103   0x006160    program     static D:\DA TKLL\PICKITMPLAB\Bai9_I2C_Full\main.c
             __string_104   0x00615c    program     static D:\DA TKLL\PICKITMPLAB\Bai9_I2C_Full\main.c
             __string_105   0x006156    program     static D:\DA TKLL\PICKITMPLAB\Bai9_I2C_Full\main.c
             __string_106   0x006139    program     static D:\DA TKLL\PICKITMPLAB\Bai9_I2C_Full\main.c
             __string_107   0x00611b    program     static D:\DA TKLL\PICKITMPLAB\Bai9_I2C_Full\main.c
             __string_108   0x006111    program     static D:\DA TKLL\PICKITMPLAB\Bai9_I2C_Full\main.c
             __string_109   0x00610b    program     static D:\DA TKLL\PICKITMPLAB\Bai9_I2C_Full\main.c
              __string_11   0x00637c    program     static D:\DA TKLL\PICKITMPLAB\Bai9_I2C_Full\main.c
             __string_110   0x006105    program     static D:\DA TKLL\PICKITMPLAB\Bai9_I2C_Full\main.c
             __string_111   0x0060ff    program     static D:\DA TKLL\PICKITMPLAB\Bai9_I2C_Full\main.c
             __string_112   0x0060f9    program     static D:\DA TKLL\PICKITMPLAB\Bai9_I2C_Full\main.c
             __string_113   0x0060f3    program     static D:\DA TKLL\PICKITMPLAB\Bai9_I2C_Full\main.c
             __string_114   0x0060ed    program     static D:\DA TKLL\PICKITMPLAB\Bai9_I2C_Full\main.c
             __string_115   0x0060e7    program     static D:\DA TKLL\PICKITMPLAB\Bai9_I2C_Full\main.c
             __string_116   0x0060e0    program     static D:\DA TKLL\PICKITMPLAB\Bai9_I2C_Full\main.c
             __string_117   0x0060dd    program     static D:\DA TKLL\PICKITMPLAB\Bai9_I2C_Full\main.c
             __string_118   0x0060d5    program     static D:\DA TKLL\PICKITMPLAB\Bai9_I2C_Full\main.c
             __string_119   0x0060c6    program     static D:\DA TKLL\PICKITMPLAB\Bai9_I2C_Full\main.c
              __string_12   0x006378    program     static D:\DA TKLL\PICKITMPLAB\Bai9_I2C_Full\main.c
             __string_120   0x0060c1    program     static D:\DA TKLL\PICKITMPLAB\Bai9_I2C_Full\main.c
             __string_121   0x0060b8    program     static D:\DA TKLL\PICKITMPLAB\Bai9_I2C_Full\main.c
             __string_122   0x0060b0    program     static D:\DA TKLL\PICKITMPLAB\Bai9_I2C_Full\main.c
             __string_123   0x0060a4    program     static D:\DA TKLL\PICKITMPLAB\Bai9_I2C_Full\main.c
             __string_124   0x006098    program     static D:\DA TKLL\PICKITMPLAB\Bai9_I2C_Full\main.c
             __string_125   0x00608c    program     static D:\DA TKLL\PICKITMPLAB\Bai9_I2C_Full\main.c
             __string_126   0x006080    program     static D:\DA TKLL\PICKITMPLAB\Bai9_I2C_Full\main.c
             __string_127   0x006074    program     static D:\DA TKLL\PICKITMPLAB\Bai9_I2C_Full\main.c
             __string_128   0x006068    program     static D:\DA TKLL\PICKITMPLAB\Bai9_I2C_Full\main.c
             __string_129   0x00605c    program     static D:\DA TKLL\PICKITMPLAB\Bai9_I2C_Full\main.c
              __string_13   0x006374    program     static D:\DA TKLL\PICKITMPLAB\Bai9_I2C_Full\main.c
             __string_130   0x006050    program     static D:\DA TKLL\PICKITMPLAB\Bai9_I2C_Full\main.c
             __string_131   0x006044    program     static D:\DA TKLL\PICKITMPLAB\Bai9_I2C_Full\main.c
             __string_132   0x006038    program     static D:\DA TKLL\PICKITMPLAB\Bai9_I2C_Full\main.c
             __string_133   0x00602c    program     static D:\DA TKLL\PICKITMPLAB\Bai9_I2C_Full\main.c
             __string_134   0x006020    program     static D:\DA TKLL\PICKITMPLAB\Bai9_I2C_Full\main.c
             __string_135   0x006014    program     static D:\DA TKLL\PICKITMPLAB\Bai9_I2C_Full\main.c
             __string_136   0x006008    program     static D:\DA TKLL\PICKITMPLAB\Bai9_I2C_Full\main.c
             __string_137   0x005ffc    program     static D:\DA TKLL\PICKITMPLAB\Bai9_I2C_Full\main.c
             __string_138   0x005ff0    program     static D:\DA TKLL\PICKITMPLAB\Bai9_I2C_Full\main.c
             __string_139   0x005fe4    program     static D:\DA TKLL\PICKITMPLAB\Bai9_I2C_Full\main.c
              __string_14   0x006370    program     static D:\DA TKLL\PICKITMPLAB\Bai9_I2C_Full\main.c
             __string_140   0x005fd8    program     static D:\DA TKLL\PICKITMPLAB\Bai9_I2C_Full\main.c
             __string_141   0x005fcc    program     static D:\DA TKLL\PICKITMPLAB\Bai9_I2C_Full\main.c
             __string_142   0x005fc0    program     static D:\DA TKLL\PICKITMPLAB\Bai9_I2C_Full\main.c
             __string_143   0x005fb4    program     static D:\DA TKLL\PICKITMPLAB\Bai9_I2C_Full\main.c
             __string_144   0x005fa8    program     static D:\DA TKLL\PICKITMPLAB\Bai9_I2C_Full\main.c
             __string_145   0x005f9c    program     static D:\DA TKLL\PICKITMPLAB\Bai9_I2C_Full\main.c
             __string_146   0x005f90    program     static D:\DA TKLL\PICKITMPLAB\Bai9_I2C_Full\main.c
             __string_147   0x005f84    program     static D:\DA TKLL\PICKITMPLAB\Bai9_I2C_Full\main.c
             __string_148   0x005f78    program     static D:\DA TKLL\PICKITMPLAB\Bai9_I2C_Full\main.c
             __string_149   0x005f6c    program     static D:\DA TKLL\PICKITMPLAB\Bai9_I2C_Full\main.c
              __string_15   0x00636c    program     static D:\DA TKLL\PICKITMPLAB\Bai9_I2C_Full\main.c
             __string_150   0x005f60    program     static D:\DA TKLL\PICKITMPLAB\Bai9_I2C_Full\main.c
             __string_151   0x005f54    program     static D:\DA TKLL\PICKITMPLAB\Bai9_I2C_Full\main.c
             __string_152   0x005f48    program     static D:\DA TKLL\PICKITMPLAB\Bai9_I2C_Full\main.c
             __string_153   0x005f3f    program     static D:\DA TKLL\PICKITMPLAB\Bai9_I2C_Full\main.c
             __string_154   0x005f3c    program     static D:\DA TKLL\PICKITMPLAB\Bai9_I2C_Full\main.c
             __string_155   0x005f1d    program     static D:\DA TKLL\PICKITMPLAB\Bai9_I2C_Full\main.c
             __string_156   0x005efc    program     static D:\DA TKLL\PICKITMPLAB\Bai9_I2C_Full\main.c
             __string_157   0x005edb    program     static D:\DA TKLL\PICKITMPLAB\Bai9_I2C_Full\main.c
             __string_158   0x005ecc    program     static D:\DA TKLL\PICKITMPLAB\Bai9_I2C_Full\main.c
             __string_159   0x005ec0    program     static D:\DA TKLL\PICKITMPLAB\Bai9_I2C_Full\main.c
              __string_16   0x006368    program     static D:\DA TKLL\PICKITMPLAB\Bai9_I2C_Full\main.c
             __string_160   0x005eb7    program     static D:\DA TKLL\PICKITMPLAB\Bai9_I2C_Full\main.c
             __string_161   0x005ead    program     static D:\DA TKLL\PICKITMPLAB\Bai9_I2C_Full\main.c
             __string_162   0x005ea3    program     static D:\DA TKLL\PICKITMPLAB\Bai9_I2C_Full\main.c
             __string_163   0x005e94    program     static D:\DA TKLL\PICKITMPLAB\Bai9_I2C_Full\main.c
             __string_164   0x005e71    program     static D:\DA TKLL\PICKITMPLAB\Bai9_I2C_Full\main.c
             __string_165   0x005e6a    program     static D:\DA TKLL\PICKITMPLAB\Bai9_I2C_Full\main.c
             __string_166   0x005e65    program     static D:\DA TKLL\PICKITMPLAB\Bai9_I2C_Full\main.c
             __string_167   0x005e5d    program     static D:\DA TKLL\PICKITMPLAB\Bai9_I2C_Full\main.c
             __string_168   0x005e5b    program     static D:\DA TKLL\PICKITMPLAB\Bai9_I2C_Full\main.c
             __string_169   0x005e4b    program     static D:\DA TKLL\PICKITMPLAB\Bai9_I2C_Full\main.c
              __string_17   0x006364    program     static D:\DA TKLL\PICKITMPLAB\Bai9_I2C_Full\main.c
             __string_170   0x005e3c    program     static D:\DA TKLL\PICKITMPLAB\Bai9_I2C_Full\main.c
             __string_171   0x005e33    program     static D:\DA TKLL\PICKITMPLAB\Bai9_I2C_Full\main.c
             __string_172   0x005e28    program     static D:\DA TKLL\PICKITMPLAB\Bai9_I2C_Full\main.c
             __string_173   0x005e1a    program     static D:\DA TKLL\PICKITMPLAB\Bai9_I2C_Full\main.c
             __string_174   0x005e0b    program     static D:\DA TKLL\PICKITMPLAB\Bai9_I2C_Full\main.c
             __string_175   0x005dfd    program     static D:\DA TKLL\PICKITMPLAB\Bai9_I2C_Full\main.c
             __string_176   0x005dec    program     static D:\DA TKLL\PICKITMPLAB\Bai9_I2C_Full\main.c
             __string_177   0x005dea    program     static D:\DA TKLL\PICKITMPLAB\Bai9_I2C_Full\main.c
             __string_178   0x005ddb    program     static D:\DA TKLL\PICKITMPLAB\Bai9_I2C_Full\main.c
             __string_179   0x005dd2    program     static D:\DA TKLL\PICKITMPLAB\Bai9_I2C_Full\main.c
              __string_18   0x006360    program     static D:\DA TKLL\PICKITMPLAB\Bai9_I2C_Full\main.c
             __string_180   0x005dc6    program     static D:\DA TKLL\PICKITMPLAB\Bai9_I2C_Full\main.c
             __string_181   0x005dbe    program     static D:\DA TKLL\PICKITMPLAB\Bai9_I2C_Full\main.c
             __string_182   0x005db6    program     static D:\DA TKLL\PICKITMPLAB\Bai9_I2C_Full\main.c
             __string_183   0x005dae    program     static D:\DA TKLL\PICKITMPLAB\Bai9_I2C_Full\main.c
             __string_184   0x005d9e    program     static D:\DA TKLL\PICKITMPLAB\Bai9_I2C_Full\main.c
              __string_19   0x00635c    program     static D:\DA TKLL\PICKITMPLAB\Bai9_I2C_Full\main.c
               __string_2   0x0063a0    program     static D:\DA TKLL\PICKITMPLAB\Bai9_I2C_Full\main.c
              __string_20   0x006358    program     static D:\DA TKLL\PICKITMPLAB\Bai9_I2C_Full\main.c
              __string_21   0x006354    program     static D:\DA TKLL\PICKITMPLAB\Bai9_I2C_Full\main.c
              __string_22   0x006350    program     static D:\DA TKLL\PICKITMPLAB\Bai9_I2C_Full\main.c
              __string_23   0x00634c    program     static D:\DA TKLL\PICKITMPLAB\Bai9_I2C_Full\main.c
              __string_24   0x006348    program     static D:\DA TKLL\PICKITMPLAB\Bai9_I2C_Full\main.c
              __string_25   0x006344    program     static D:\DA TKLL\PICKITMPLAB\Bai9_I2C_Full\main.c
              __string_26   0x006340    program     static D:\DA TKLL\PICKITMPLAB\Bai9_I2C_Full\main.c
              __string_27   0x00633c    program     static D:\DA TKLL\PICKITMPLAB\Bai9_I2C_Full\main.c
              __string_28   0x006338    program     static D:\DA TKLL\PICKITMPLAB\Bai9_I2C_Full\main.c
              __string_29   0x006334    program     static D:\DA TKLL\PICKITMPLAB\Bai9_I2C_Full\main.c
               __string_3   0x00639c    program     static D:\DA TKLL\PICKITMPLAB\Bai9_I2C_Full\main.c
              __string_30   0x006330    program     static D:\DA TKLL\PICKITMPLAB\Bai9_I2C_Full\main.c
              __string_31   0x00632c    program     static D:\DA TKLL\PICKITMPLAB\Bai9_I2C_Full\main.c
              __string_32   0x006328    program     static D:\DA TKLL\PICKITMPLAB\Bai9_I2C_Full\main.c
              __string_33   0x006324    program     static D:\DA TKLL\PICKITMPLAB\Bai9_I2C_Full\main.c
              __string_34   0x006320    program     static D:\DA TKLL\PICKITMPLAB\Bai9_I2C_Full\main.c
              __string_35   0x00631c    program     static D:\DA TKLL\PICKITMPLAB\Bai9_I2C_Full\main.c
              __string_36   0x006318    program     static D:\DA TKLL\PICKITMPLAB\Bai9_I2C_Full\main.c
              __string_37   0x006314    program     static D:\DA TKLL\PICKITMPLAB\Bai9_I2C_Full\main.c
              __string_38   0x006310    program     static D:\DA TKLL\PICKITMPLAB\Bai9_I2C_Full\main.c
              __string_39   0x00630c    program     static D:\DA TKLL\PICKITMPLAB\Bai9_I2C_Full\main.c
               __string_4   0x006398    program     static D:\DA TKLL\PICKITMPLAB\Bai9_I2C_Full\main.c
              __string_40   0x006308    program     static D:\DA TKLL\PICKITMPLAB\Bai9_I2C_Full\main.c
              __string_41   0x006304    program     static D:\DA TKLL\PICKITMPLAB\Bai9_I2C_Full\main.c
              __string_42   0x006300    program     static D:\DA TKLL\PICKITMPLAB\Bai9_I2C_Full\main.c
              __string_43   0x0062fc    program     static D:\DA TKLL\PICKITMPLAB\Bai9_I2C_Full\main.c
              __string_44   0x0062f8    program     static D:\DA TKLL\PICKITMPLAB\Bai9_I2C_Full\main.c
              __string_45   0x0062f4    program     static D:\DA TKLL\PICKITMPLAB\Bai9_I2C_Full\main.c
              __string_46   0x0062f0    program     static D:\DA TKLL\PICKITMPLAB\Bai9_I2C_Full\main.c
              __string_47   0x0062ec    program     static D:\DA TKLL\PICKITMPLAB\Bai9_I2C_Full\main.c
              __string_48   0x0062e8    program     static D:\DA TKLL\PICKITMPLAB\Bai9_I2C_Full\main.c
              __string_49   0x0062e4    program     static D:\DA TKLL\PICKITMPLAB\Bai9_I2C_Full\main.c
               __string_5   0x006394    program     static D:\DA TKLL\PICKITMPLAB\Bai9_I2C_Full\main.c
              __string_50   0x0062e0    program     static D:\DA TKLL\PICKITMPLAB\Bai9_I2C_Full\main.c
              __string_51   0x0062dc    program     static D:\DA TKLL\PICKITMPLAB\Bai9_I2C_Full\main.c
              __string_52   0x0062d8    program     static D:\DA TKLL\PICKITMPLAB\Bai9_I2C_Full\main.c
              __string_53   0x0062d4    program     static D:\DA TKLL\PICKITMPLAB\Bai9_I2C_Full\main.c
              __string_54   0x0062d0    program     static D:\DA TKLL\PICKITMPLAB\Bai9_I2C_Full\main.c
              __string_55   0x0062cc    program     static D:\DA TKLL\PICKITMPLAB\Bai9_I2C_Full\main.c
              __string_56   0x0062ca    program     static D:\DA TKLL\PICKITMPLAB\Bai9_I2C_Full\main.c
              __string_57   0x0062c8    program     static D:\DA TKLL\PICKITMPLAB\Bai9_I2C_Full\main.c
              __string_58   0x0062c6    program     static D:\DA TKLL\PICKITMPLAB\Bai9_I2C_Full\main.c
              __string_59   0x0062c4    program     static D:\DA TKLL\PICKITMPLAB\Bai9_I2C_Full\main.c
               __string_6   0x006390    program     static D:\DA TKLL\PICKITMPLAB\Bai9_I2C_Full\main.c
              __string_60   0x0062c1    program     static D:\DA TKLL\PICKITMPLAB\Bai9_I2C_Full\main.c
              __string_61   0x0062be    program     static D:\DA TKLL\PICKITMPLAB\Bai9_I2C_Full\main.c
              __string_62   0x0062ad    program     static D:\DA TKLL\PICKITMPLAB\Bai9_I2C_Full\main.c
              __string_63   0x0062aa    program     static D:\DA TKLL\PICKITMPLAB\Bai9_I2C_Full\main.c
              __string_64   0x0062a6    program     static D:\DA TKLL\PICKITMPLAB\Bai9_I2C_Full\main.c
              __string_65   0x0062a2    program     static D:\DA TKLL\PICKITMPLAB\Bai9_I2C_Full\main.c
              __string_66   0x00629e    program     static D:\DA TKLL\PICKITMPLAB\Bai9_I2C_Full\main.c
              __string_67   0x006299    program     static D:\DA TKLL\PICKITMPLAB\Bai9_I2C_Full\main.c
              __string_68   0x006288    program     static D:\DA TKLL\PICKITMPLAB\Bai9_I2C_Full\main.c
              __string_69   0x006277    program     static D:\DA TKLL\PICKITMPLAB\Bai9_I2C_Full\main.c
               __string_7   0x00638c    program     static D:\DA TKLL\PICKITMPLAB\Bai9_I2C_Full\main.c
              __string_70   0x00626c    program     static D:\DA TKLL\PICKITMPLAB\Bai9_I2C_Full\main.c
              __string_71   0x00626a    program     static D:\DA TKLL\PICKITMPLAB\Bai9_I2C_Full\main.c
              __string_72   0x00625e    program     static D:\DA TKLL\PICKITMPLAB\Bai9_I2C_Full\main.c
              __string_73   0x006256    program     static D:\DA TKLL\PICKITMPLAB\Bai9_I2C_Full\main.c
              __string_74   0x006249    program     static D:\DA TKLL\PICKITMPLAB\Bai9_I2C_Full\main.c
              __string_75   0x00623c    program     static D:\DA TKLL\PICKITMPLAB\Bai9_I2C_Full\main.c
              __string_76   0x006235    program     static D:\DA TKLL\PICKITMPLAB\Bai9_I2C_Full\main.c
              __string_77   0x00622b    program     static D:\DA TKLL\PICKITMPLAB\Bai9_I2C_Full\main.c
              __string_78   0x006221    program     static D:\DA TKLL\PICKITMPLAB\Bai9_I2C_Full\main.c
              __string_79   0x006217    program     static D:\DA TKLL\PICKITMPLAB\Bai9_I2C_Full\main.c
               __string_8   0x006388    program     static D:\DA TKLL\PICKITMPLAB\Bai9_I2C_Full\main.c
              __string_80   0x00620d    program     static D:\DA TKLL\PICKITMPLAB\Bai9_I2C_Full\main.c
              __string_81   0x006203    program     static D:\DA TKLL\PICKITMPLAB\Bai9_I2C_Full\main.c
              __string_82   0x0061f7    program     static D:\DA TKLL\PICKITMPLAB\Bai9_I2C_Full\main.c
              __string_83   0x0061f2    program     static D:\DA TKLL\PICKITMPLAB\Bai9_I2C_Full\main.c
              __string_84   0x0061ec    program     static D:\DA TKLL\PICKITMPLAB\Bai9_I2C_Full\main.c
              __string_85   0x0061e4    program     static D:\DA TKLL\PICKITMPLAB\Bai9_I2C_Full\main.c
              __string_86   0x0061e0    program     static D:\DA TKLL\PICKITMPLAB\Bai9_I2C_Full\main.c
              __string_87   0x0061da    program     static D:\DA TKLL\PICKITMPLAB\Bai9_I2C_Full\main.c
              __string_88   0x0061cf    program     static D:\DA TKLL\PICKITMPLAB\Bai9_I2C_Full\main.c
              __string_89   0x0061cb    program     static D:\DA TKLL\PICKITMPLAB\Bai9_I2C_Full\main.c
               __string_9   0x006384    program     static D:\DA TKLL\PICKITMPLAB\Bai9_I2C_Full\main.c
              __string_90   0x0061c4    program     static D:\DA TKLL\PICKITMPLAB\Bai9_I2C_Full\main.c
              __string_91   0x0061b9    program     static D:\DA TKLL\PICKITMPLAB\Bai9_I2C_Full\main.c
              __string_92   0x0061b5    program     static D:\DA TKLL\PICKITMPLAB\Bai9_I2C_Full\main.c
              __string_93   0x0061ae    program     static D:\DA TKLL\PICKITMPLAB\Bai9_I2C_Full\main.c
              __string_94   0x0061a5    program     static D:\DA TKLL\PICKITMPLAB\Bai9_I2C_Full\main.c
              __string_95   0x0061a1    program     static D:\DA TKLL\PICKITMPLAB\Bai9_I2C_Full\main.c
              __string_96   0x00619a    program     static D:\DA TKLL\PICKITMPLAB\Bai9_I2C_Full\main.c
              __string_97   0x00618f    program     static D:\DA TKLL\PICKITMPLAB\Bai9_I2C_Full\main.c
              __string_98   0x00618b    program     static D:\DA TKLL\PICKITMPLAB\Bai9_I2C_Full\main.c
              __string_99   0x006183    program     static D:\DA TKLL\PICKITMPLAB\Bai9_I2C_Full\main.c
            __zero_memory   0x007dbc    program     extern E:\3.46\pic18-lt\cxx-framework\src\traditional\proc\p18f4620.asm
                _do_cinit   0x007b74    program     extern E:\3.46\pic18-lt\cxx-framework\src\traditional\startup\c018i.c
                   _entry   0x000000    program     extern E:\3.46\pic18-lt\cxx-framework\src\traditional\startup\c018i.c
                   _false   0x007d8a    program     static                          
                   _false   0x007d50    program     static                          
                 _startup   0x007ddc    program     extern E:\3.46\pic18-lt\cxx-framework\src\traditional\startup\c018i.c
          button_delay_ms   0x007156    program     extern D:\DA TKLL\PICKITMPLAB\Bai9_I2C_Full\button_matrix\button.c
                checkpass   0x004b88    program     extern D:\DA TKLL\PICKITMPLAB\Bai9_I2C_Full\main.c
                compare_l   0x007dd2    program     static E:\3.46\pic18-lt\cxx-framework\src\traditional\proc\p18f4620.asm
                copy_loop   0x007be6    program     static                          
            copy_one_byte   0x007bec    program     static                          
                 delay_ms   0x0002c2    program     extern D:\DA TKLL\PICKITMPLAB\Bai9_I2C_Full\main.c
            delay_ms_7SEG   0x00036e    program     extern D:\DA TKLL\PICKITMPLAB\Bai9_I2C_Full\main.c
               dht11_init   0x0032c2    program     extern D:\DA TKLL\PICKITMPLAB\Bai9_I2C_Full\main.c
            display_dht11   0x0040e6    program     extern D:\DA TKLL\PICKITMPLAB\Bai9_I2C_Full\main.c
              display_led   0x00028a    program     extern D:\DA TKLL\PICKITMPLAB\Bai9_I2C_Full\main.c
                     done   0x007c10    program     static                          
             done_copying   0x007bfa    program     static                          
                  endloop   0x007e0e    program     static                          
                  endloop   0x007db6    program     static                          
            find_response   0x0032e4    program     extern D:\DA TKLL\PICKITMPLAB\Bai9_I2C_Full\main.c
            get_adc_value   0x007c20    program     extern D:\DA TKLL\PICKITMPLAB\Bai9_I2C_Full\adc\adc.c
                 high_isr   0x007932    program     extern D:\DA TKLL\PICKITMPLAB\Bai9_I2C_Full\interrupt\interrupt.c
                  i2c_ack   0x00770a    program     extern D:\DA TKLL\PICKITMPLAB\Bai9_I2C_Full\i2c\i2c.c
              i2c_control   0x0076b0    program     extern D:\DA TKLL\PICKITMPLAB\Bai9_I2C_Full\i2c\i2c.c
                  i2c_nak   0x007716    program     extern D:\DA TKLL\PICKITMPLAB\Bai9_I2C_Full\i2c\i2c.c
                 i2c_read   0x0076fe    program     extern D:\DA TKLL\PICKITMPLAB\Bai9_I2C_Full\i2c\i2c.c
                i2c_start   0x0076ce    program     extern D:\DA TKLL\PICKITMPLAB\Bai9_I2C_Full\i2c\i2c.c
                 i2c_stop   0x0076d8    program     extern D:\DA TKLL\PICKITMPLAB\Bai9_I2C_Full\i2c\i2c.c
                i2c_write   0x0076e2    program     extern D:\DA TKLL\PICKITMPLAB\Bai9_I2C_Full\i2c\i2c.c
                 init_adc   0x007c12    program     extern D:\DA TKLL\PICKITMPLAB\Bai9_I2C_Full\adc\adc.c
            init_ext_int0   0x007846    program     extern D:\DA TKLL\PICKITMPLAB\Bai9_I2C_Full\interrupt\interrupt.c
                 init_i2c   0x007698    program     extern D:\DA TKLL\PICKITMPLAB\Bai9_I2C_Full\i2c\i2c.c
           init_interrupt   0x00783e    program     extern D:\DA TKLL\PICKITMPLAB\Bai9_I2C_Full\interrupt\interrupt.c
          init_key_matrix   0x006e98    program     extern D:\DA TKLL\PICKITMPLAB\Bai9_I2C_Full\button_matrix\button.c
init_key_matrix_with_uart_i2c   0x006ea0    program     extern D:\DA TKLL\PICKITMPLAB\Bai9_I2C_Full\button_matrix\button.c
                 init_lcd   0x004e4a    program     extern D:\DA TKLL\PICKITMPLAB\Bai9_I2C_Full\lcd\lcd.c
              init_system   0x00041a    program     extern D:\DA TKLL\PICKITMPLAB\Bai9_I2C_Full\main.c
              init_timer0   0x006968    program     extern D:\DA TKLL\PICKITMPLAB\Bai9_I2C_Full\timer\timer.c
              init_timer1   0x006aac    program     extern D:\DA TKLL\PICKITMPLAB\Bai9_I2C_Full\timer\timer.c
              init_timer2   0x006bf6    program     extern D:\DA TKLL\PICKITMPLAB\Bai9_I2C_Full\timer\timer.c
              init_timer3   0x006c2e    program     extern D:\DA TKLL\PICKITMPLAB\Bai9_I2C_Full\timer\timer.c
                init_uart   0x0063cc    program     extern D:\DA TKLL\PICKITMPLAB\Bai9_I2C_Full\uart\uart.c
            isButtonAlarm   0x00241c    program     extern D:\DA TKLL\PICKITMPLAB\Bai9_I2C_Full\main.c
        isButtonAlarmHold   0x00242c    program     extern D:\DA TKLL\PICKITMPLAB\Bai9_I2C_Full\main.c
         isButtonDecrease   0x00246a    program     extern D:\DA TKLL\PICKITMPLAB\Bai9_I2C_Full\main.c
            isButtonEnter   0x004b78    program     extern D:\DA TKLL\PICKITMPLAB\Bai9_I2C_Full\main.c
         isButtonIncrease   0x00243c    program     extern D:\DA TKLL\PICKITMPLAB\Bai9_I2C_Full\main.c
             isButtonMode   0x0023dc    program     extern D:\DA TKLL\PICKITMPLAB\Bai9_I2C_Full\main.c
         isButtonModeHold   0x0023ec    program     extern D:\DA TKLL\PICKITMPLAB\Bai9_I2C_Full\main.c
         isButtonModeTIME   0x0023fc    program     extern D:\DA TKLL\PICKITMPLAB\Bai9_I2C_Full\main.c
     isButtonModeTIMEHold   0x00240c    program     extern D:\DA TKLL\PICKITMPLAB\Bai9_I2C_Full\main.c
          isButtonModeUTC   0x002498    program     extern D:\DA TKLL\PICKITMPLAB\Bai9_I2C_Full\main.c
      isButtonModeUTCHold   0x0024a8    program     extern D:\DA TKLL\PICKITMPLAB\Bai9_I2C_Full\main.c
           isButtonNumber   0x004b26    program     extern D:\DA TKLL\PICKITMPLAB\Bai9_I2C_Full\main.c
       isButtonSetTimeMax   0x003398    program     extern D:\DA TKLL\PICKITMPLAB\Bai9_I2C_Full\main.c
       isButtonSetTimeMin   0x003388    program     extern D:\DA TKLL\PICKITMPLAB\Bai9_I2C_Full\main.c
                  jAisNeg   0x0074ca    program     static E:\3.46\pic18-lt\cxx-framework\src\traditional\math\compFP.asm
             jBothNotZero   0x00746c    program     static E:\3.46\pic18-lt\cxx-framework\src\traditional\math\compFP.asm
                      jEQ   0x007488    program     static E:\3.46\pic18-lt\cxx-framework\src\traditional\math\compFP.asm
                    jExch   0x007494    program     static E:\3.46\pic18-lt\cxx-framework\src\traditional\math\compFP.asm
                   jExpEQ   0x0074da    program     static E:\3.46\pic18-lt\cxx-framework\src\traditional\math\compFP.asm
                   jFinal   0x0074be    program     static E:\3.46\pic18-lt\cxx-framework\src\traditional\math\compFP.asm
                jI2F16Beg   0x007318    program     static E:\3.46\pic18-lt\cxx-framework\src\traditional\math\cast16FP.asm
                      jNE   0x00748c    program     static E:\3.46\pic18-lt\cxx-framework\src\traditional\math\compFP.asm
                  jNoExch   0x0074b4    program     static E:\3.46\pic18-lt\cxx-framework\src\traditional\math\compFP.asm
                  jPkLoop   0x00753e    program     static E:\3.46\pic18-lt\cxx-framework\src\traditional\math\packFP.asm
             jPkRoundDone   0x007588    program     static E:\3.46\pic18-lt\cxx-framework\src\traditional\math\packFP.asm
               jPkRoundIt   0x007570    program     static E:\3.46\pic18-lt\cxx-framework\src\traditional\math\packFP.asm
             jPkShiftDone   0x00755a    program     static E:\3.46\pic18-lt\cxx-framework\src\traditional\math\packFP.asm
           jReturnPosInf0   0x007514    program     static E:\3.46\pic18-lt\cxx-framework\src\traditional\math\packFP.asm
                  jRotate   0x0074e6    program     static E:\3.46\pic18-lt\cxx-framework\src\traditional\math\compFP.asm
                   jShift   0x0074d0    program     static E:\3.46\pic18-lt\cxx-framework\src\traditional\math\compFP.asm
                 jSignsEQ   0x007470    program     static E:\3.46\pic18-lt\cxx-framework\src\traditional\math\compFP.asm
                  jUnpkA1   0x0075b2    program     static E:\3.46\pic18-lt\cxx-framework\src\traditional\math\UnpackFP.asm
                  jUnpkA2   0x0075ca    program     static E:\3.46\pic18-lt\cxx-framework\src\traditional\math\UnpackFP.asm
                 jUnpkANZ   0x0075c0    program     static E:\3.46\pic18-lt\cxx-framework\src\traditional\math\UnpackFP.asm
                  jUnpkB1   0x0075e2    program     static E:\3.46\pic18-lt\cxx-framework\src\traditional\math\UnpackFP.asm
                  jUnpkB2   0x0075fa    program     static E:\3.46\pic18-lt\cxx-framework\src\traditional\math\UnpackFP.asm
                 jUnpkBNZ   0x0075f0    program     static E:\3.46\pic18-lt\cxx-framework\src\traditional\math\UnpackFP.asm
                 jUnpkNaN   0x0075d4    program     static E:\3.46\pic18-lt\cxx-framework\src\traditional\math\UnpackFP.asm
               jZero1and2   0x007518    program     static E:\3.46\pic18-lt\cxx-framework\src\traditional\math\packFP.asm
                lcd_clear   0x00519c    program     extern D:\DA TKLL\PICKITMPLAB\Bai9_I2C_Full\lcd\lcd.c
                lcd_delay   0x004caa    program     extern D:\DA TKLL\PICKITMPLAB\Bai9_I2C_Full\lcd\lcd.c
             lcd_power_of   0x0051b0    program     extern D:\DA TKLL\PICKITMPLAB\Bai9_I2C_Full\lcd\lcd.c
           lcd_print_char   0x005108    program     extern D:\DA TKLL\PICKITMPLAB\Bai9_I2C_Full\lcd\lcd.c
          lcd_print_charS   0x00554e    program     extern D:\DA TKLL\PICKITMPLAB\Bai9_I2C_Full\lcd\lcd.c
            lcd_print_num   0x005292    program     extern D:\DA TKLL\PICKITMPLAB\Bai9_I2C_Full\lcd\lcd.c
            lcd_print_str   0x005122    program     extern D:\DA TKLL\PICKITMPLAB\Bai9_I2C_Full\lcd\lcd.c
              lcd_putchar   0x0050ee    program     extern D:\DA TKLL\PICKITMPLAB\Bai9_I2C_Full\lcd\lcd.c
          lcd_read_status   0x004f58    program     extern D:\DA TKLL\PICKITMPLAB\Bai9_I2C_Full\lcd\lcd.c
          lcd_sendCommand   0x004dca    program     extern D:\DA TKLL\PICKITMPLAB\Bai9_I2C_Full\lcd\lcd.c
           lcd_set_cursor   0x005162    program     extern D:\DA TKLL\PICKITMPLAB\Bai9_I2C_Full\lcd\lcd.c
            lcd_wait_busy   0x00500e    program     extern D:\DA TKLL\PICKITMPLAB\Bai9_I2C_Full\lcd\lcd.c
          lcd_write_4bits   0x00502e    program     extern D:\DA TKLL\PICKITMPLAB\Bai9_I2C_Full\lcd\lcd.c
            lcd_write_cmd   0x005074    program     extern D:\DA TKLL\PICKITMPLAB\Bai9_I2C_Full\lcd\lcd.c
           lcd_write_data   0x0050b0    program     extern D:\DA TKLL\PICKITMPLAB\Bai9_I2C_Full\lcd\lcd.c
                     loop   0x007d62    program     static                          
                     loop   0x007e00    program     static                          
                     loop   0x007dec    program     static                          
                     loop   0x007d1c    program     static                          
                     loop   0x007d9a    program     static                          
                   loop_h   0x007dca    program     static E:\3.46\pic18-lt\cxx-framework\src\traditional\proc\p18f4620.asm
                   loop_l   0x007dd4    program     static E:\3.46\pic18-lt\cxx-framework\src\traditional\proc\p18f4620.asm
                  low_isr   0x00784e    program     extern D:\DA TKLL\PICKITMPLAB\Bai9_I2C_Full\interrupt\interrupt.c
                     main   0x000074    program     extern D:\DA TKLL\PICKITMPLAB\Bai9_I2C_Full\main.c
               read_dht11   0x003310    program     extern D:\DA TKLL\PICKITMPLAB\Bai9_I2C_Full\main.c
              read_ds1307   0x00778c    program     extern D:\DA TKLL\PICKITMPLAB\Bai9_I2C_Full\i2c\i2c.c
          scan_key_matrix   0x006eb0    program     extern D:\DA TKLL\PICKITMPLAB\Bai9_I2C_Full\button_matrix\button.c
     scan_key_matrix_demo   0x0071de    program     extern D:\DA TKLL\PICKITMPLAB\Bai9_I2C_Full\button_matrix\button.c
scan_key_matrix_with_uart_i2c   0x00700e    program     extern D:\DA TKLL\PICKITMPLAB\Bai9_I2C_Full\button_matrix\button.c
               select_led   0x0001ca    program     extern D:\DA TKLL\PICKITMPLAB\Bai9_I2C_Full\main.c
                  setMENU   0x0024d6    program     extern D:\DA TKLL\PICKITMPLAB\Bai9_I2C_Full\main.c
                setMENUQ1   0x004430    program     extern D:\DA TKLL\PICKITMPLAB\Bai9_I2C_Full\main.c
                  setPass   0x004c1e    program     extern D:\DA TKLL\PICKITMPLAB\Bai9_I2C_Full\main.c
             start_timer0   0x006a20    program     extern D:\DA TKLL\PICKITMPLAB\Bai9_I2C_Full\timer\timer.c
             start_timer1   0x006b66    program     extern D:\DA TKLL\PICKITMPLAB\Bai9_I2C_Full\timer\timer.c
             start_timer2   0x006c22    program     extern D:\DA TKLL\PICKITMPLAB\Bai9_I2C_Full\timer\timer.c
             start_timer3   0x006ce4    program     extern D:\DA TKLL\PICKITMPLAB\Bai9_I2C_Full\timer\timer.c
              stop_timer0   0x006a1c    program     extern D:\DA TKLL\PICKITMPLAB\Bai9_I2C_Full\timer\timer.c
              stop_timer1   0x006bf2    program     extern D:\DA TKLL\PICKITMPLAB\Bai9_I2C_Full\timer\timer.c
              stop_timer2   0x006c2a    program     extern D:\DA TKLL\PICKITMPLAB\Bai9_I2C_Full\timer\timer.c
              stop_timer3   0x006d70    program     extern D:\DA TKLL\PICKITMPLAB\Bai9_I2C_Full\timer\timer.c
                     test   0x007b8e    program     static                          
               timer0_isr   0x006d74    program     extern D:\DA TKLL\PICKITMPLAB\Bai9_I2C_Full\timer\timer.c
               timer1_isr   0x006d76    program     extern D:\DA TKLL\PICKITMPLAB\Bai9_I2C_Full\timer\timer.c
               timer2_isr   0x006d78    program     extern D:\DA TKLL\PICKITMPLAB\Bai9_I2C_Full\timer\timer.c
               timer3_isr   0x006d7a    program     extern D:\DA TKLL\PICKITMPLAB\Bai9_I2C_Full\timer\timer.c
            uart_delay_ms   0x0063ea    program     extern D:\DA TKLL\PICKITMPLAB\Bai9_I2C_Full\uart\uart.c
                 uart_isr   0x00690a    program     extern D:\DA TKLL\PICKITMPLAB\Bai9_I2C_Full\uart\uart.c
uart_isr_simulate_machine   0x007a02    program     extern D:\DA TKLL\PICKITMPLAB\Bai9_I2C_Full\simulate_machine\simulate_machine.c
            uart_power_of   0x00651a    program     extern D:\DA TKLL\PICKITMPLAB\Bai9_I2C_Full\uart\uart.c
             uart_putchar   0x006472    program     extern D:\DA TKLL\PICKITMPLAB\Bai9_I2C_Full\uart\uart.c
            uart_send_str   0x00648e    program     extern D:\DA TKLL\PICKITMPLAB\Bai9_I2C_Full\uart\uart.c
                 v_timer0   0x004d3a    program     extern D:\DA TKLL\PICKITMPLAB\Bai9_I2C_Full\lcd\lcd.c
               write_8bit   0x0000f4    program     extern D:\DA TKLL\PICKITMPLAB\Bai9_I2C_Full\main.c
             write_ds1307   0x007722    program     extern D:\DA TKLL\PICKITMPLAB\Bai9_I2C_Full\i2c\i2c.c
               zero_block   0x007dca    program     static E:\3.46\pic18-lt\cxx-framework\src\traditional\proc\p18f4620.asm
                   ADCON0   0x000fc2       data     extern E:\3.46\pic18-lt\cxx-framework\src\traditional\proc\p18f4620.asm
               ADCON0bits   0x000fc2       data     extern E:\3.46\pic18-lt\cxx-framework\src\traditional\proc\p18f4620.asm
                   ADCON1   0x000fc1       data     extern E:\3.46\pic18-lt\cxx-framework\src\traditional\proc\p18f4620.asm
               ADCON1bits   0x000fc1       data     extern E:\3.46\pic18-lt\cxx-framework\src\traditional\proc\p18f4620.asm
                   ADCON2   0x000fc0       data     extern E:\3.46\pic18-lt\cxx-framework\src\traditional\proc\p18f4620.asm
               ADCON2bits   0x000fc0       data     extern E:\3.46\pic18-lt\cxx-framework\src\traditional\proc\p18f4620.asm
                    ADRES   0x000fc3       data     extern E:\3.46\pic18-lt\cxx-framework\src\traditional\proc\p18f4620.asm
                   ADRESH   0x000fc4       data     extern E:\3.46\pic18-lt\cxx-framework\src\traditional\proc\p18f4620.asm
                   ADRESL   0x000fc3       data     extern E:\3.46\pic18-lt\cxx-framework\src\traditional\proc\p18f4620.asm
                  BAUDCON   0x000fb8       data     extern E:\3.46\pic18-lt\cxx-framework\src\traditional\proc\p18f4620.asm
              BAUDCONbits   0x000fb8       data     extern E:\3.46\pic18-lt\cxx-framework\src\traditional\proc\p18f4620.asm
                  BAUDCTL   0x000fb8       data     extern E:\3.46\pic18-lt\cxx-framework\src\traditional\proc\p18f4620.asm
              BAUDCTLbits   0x000fb8       data     extern E:\3.46\pic18-lt\cxx-framework\src\traditional\proc\p18f4620.asm
                      BSR   0x000fe0       data     extern E:\3.46\pic18-lt\cxx-framework\src\traditional\proc\p18f4620.asm
                  CCP1CON   0x000fbd       data     extern E:\3.46\pic18-lt\cxx-framework\src\traditional\proc\p18f4620.asm
              CCP1CONbits   0x000fbd       data     extern E:\3.46\pic18-lt\cxx-framework\src\traditional\proc\p18f4620.asm
                  CCP2CON   0x000fba       data     extern E:\3.46\pic18-lt\cxx-framework\src\traditional\proc\p18f4620.asm
              CCP2CONbits   0x000fba       data     extern E:\3.46\pic18-lt\cxx-framework\src\traditional\proc\p18f4620.asm
                    CCPR1   0x000fbe       data     extern E:\3.46\pic18-lt\cxx-framework\src\traditional\proc\p18f4620.asm
                   CCPR1H   0x000fbf       data     extern E:\3.46\pic18-lt\cxx-framework\src\traditional\proc\p18f4620.asm
                   CCPR1L   0x000fbe       data     extern E:\3.46\pic18-lt\cxx-framework\src\traditional\proc\p18f4620.asm
                    CCPR2   0x000fbb       data     extern E:\3.46\pic18-lt\cxx-framework\src\traditional\proc\p18f4620.asm
                   CCPR2H   0x000fbc       data     extern E:\3.46\pic18-lt\cxx-framework\src\traditional\proc\p18f4620.asm
                   CCPR2L   0x000fbb       data     extern E:\3.46\pic18-lt\cxx-framework\src\traditional\proc\p18f4620.asm
                    CMCON   0x000fb4       data     extern E:\3.46\pic18-lt\cxx-framework\src\traditional\proc\p18f4620.asm
                CMCONbits   0x000fb4       data     extern E:\3.46\pic18-lt\cxx-framework\src\traditional\proc\p18f4620.asm
                COD_value   0x0001d8       data     extern D:\DA TKLL\PICKITMPLAB\Bai9_I2C_Full\simulate_machine\simulate_machine.c
                   CVRCON   0x000fb5       data     extern E:\3.46\pic18-lt\cxx-framework\src\traditional\proc\p18f4620.asm
               CVRCONbits   0x000fb5       data     extern E:\3.46\pic18-lt\cxx-framework\src\traditional\proc\p18f4620.asm
                Check_bit   0x00018e       data     extern D:\DA TKLL\PICKITMPLAB\Bai9_I2C_Full\main.c
                  Counter   0x0000f4       data     extern D:\DA TKLL\PICKITMPLAB\Bai9_I2C_Full\main.c
                     DDRA   0x000f92       data     extern E:\3.46\pic18-lt\cxx-framework\src\traditional\proc\p18f4620.asm
                 DDRAbits   0x000f92       data     extern E:\3.46\pic18-lt\cxx-framework\src\traditional\proc\p18f4620.asm
                     DDRB   0x000f93       data     extern E:\3.46\pic18-lt\cxx-framework\src\traditional\proc\p18f4620.asm
                 DDRBbits   0x000f93       data     extern E:\3.46\pic18-lt\cxx-framework\src\traditional\proc\p18f4620.asm
                     DDRC   0x000f94       data     extern E:\3.46\pic18-lt\cxx-framework\src\traditional\proc\p18f4620.asm
                 DDRCbits   0x000f94       data     extern E:\3.46\pic18-lt\cxx-framework\src\traditional\proc\p18f4620.asm
                     DDRD   0x000f95       data     extern E:\3.46\pic18-lt\cxx-framework\src\traditional\proc\p18f4620.asm
                 DDRDbits   0x000f95       data     extern E:\3.46\pic18-lt\cxx-framework\src\traditional\proc\p18f4620.asm
                     DDRE   0x000f96       data     extern E:\3.46\pic18-lt\cxx-framework\src\traditional\proc\p18f4620.asm
                 DDREbits   0x000f96       data     extern E:\3.46\pic18-lt\cxx-framework\src\traditional\proc\p18f4620.asm
                  ECCP1AS   0x000fb6       data     extern E:\3.46\pic18-lt\cxx-framework\src\traditional\proc\p18f4620.asm
              ECCP1ASbits   0x000fb6       data     extern E:\3.46\pic18-lt\cxx-framework\src\traditional\proc\p18f4620.asm
                    EEADR   0x000fa9       data     extern E:\3.46\pic18-lt\cxx-framework\src\traditional\proc\p18f4620.asm
                   EEADRH   0x000faa       data     extern E:\3.46\pic18-lt\cxx-framework\src\traditional\proc\p18f4620.asm
                   EECON1   0x000fa6       data     extern E:\3.46\pic18-lt\cxx-framework\src\traditional\proc\p18f4620.asm
               EECON1bits   0x000fa6       data     extern E:\3.46\pic18-lt\cxx-framework\src\traditional\proc\p18f4620.asm
                   EECON2   0x000fa7       data     extern E:\3.46\pic18-lt\cxx-framework\src\traditional\proc\p18f4620.asm
                   EEDATA   0x000fa8       data     extern E:\3.46\pic18-lt\cxx-framework\src\traditional\proc\p18f4620.asm
               FLOW_value   0x0001d7       data     extern D:\DA TKLL\PICKITMPLAB\Bai9_I2C_Full\simulate_machine\simulate_machine.c
                     FSR0   0x000fe9       data     extern E:\3.46\pic18-lt\cxx-framework\src\traditional\proc\p18f4620.asm
                    FSR0H   0x000fea       data     extern E:\3.46\pic18-lt\cxx-framework\src\traditional\proc\p18f4620.asm
                    FSR0L   0x000fe9       data     extern E:\3.46\pic18-lt\cxx-framework\src\traditional\proc\p18f4620.asm
                     FSR1   0x000fe1       data     extern E:\3.46\pic18-lt\cxx-framework\src\traditional\proc\p18f4620.asm
                    FSR1H   0x000fe2       data     extern E:\3.46\pic18-lt\cxx-framework\src\traditional\proc\p18f4620.asm
                    FSR1L   0x000fe1       data     extern E:\3.46\pic18-lt\cxx-framework\src\traditional\proc\p18f4620.asm
                     FSR2   0x000fd9       data     extern E:\3.46\pic18-lt\cxx-framework\src\traditional\proc\p18f4620.asm
                    FSR2H   0x000fda       data     extern E:\3.46\pic18-lt\cxx-framework\src\traditional\proc\p18f4620.asm
                    FSR2L   0x000fd9       data     extern E:\3.46\pic18-lt\cxx-framework\src\traditional\proc\p18f4620.asm
                  HLVDCON   0x000fd2       data     extern E:\3.46\pic18-lt\cxx-framework\src\traditional\proc\p18f4620.asm
              HLVDCONbits   0x000fd2       data     extern E:\3.46\pic18-lt\cxx-framework\src\traditional\proc\p18f4620.asm
                 Himudity   0x000193       data     extern D:\DA TKLL\PICKITMPLAB\Bai9_I2C_Full\main.c
                    INDF0   0x000fef       data     extern E:\3.46\pic18-lt\cxx-framework\src\traditional\proc\p18f4620.asm
                    INDF1   0x000fe7       data     extern E:\3.46\pic18-lt\cxx-framework\src\traditional\proc\p18f4620.asm
                    INDF2   0x000fdf       data     extern E:\3.46\pic18-lt\cxx-framework\src\traditional\proc\p18f4620.asm
                   INTCON   0x000ff2       data     extern E:\3.46\pic18-lt\cxx-framework\src\traditional\proc\p18f4620.asm
                  INTCON2   0x000ff1       data     extern E:\3.46\pic18-lt\cxx-framework\src\traditional\proc\p18f4620.asm
              INTCON2bits   0x000ff1       data     extern E:\3.46\pic18-lt\cxx-framework\src\traditional\proc\p18f4620.asm
                  INTCON3   0x000ff0       data     extern E:\3.46\pic18-lt\cxx-framework\src\traditional\proc\p18f4620.asm
              INTCON3bits   0x000ff0       data     extern E:\3.46\pic18-lt\cxx-framework\src\traditional\proc\p18f4620.asm
               INTCONbits   0x000ff2       data     extern E:\3.46\pic18-lt\cxx-framework\src\traditional\proc\p18f4620.asm
                     IPR1   0x000f9f       data     extern E:\3.46\pic18-lt\cxx-framework\src\traditional\proc\p18f4620.asm
                 IPR1bits   0x000f9f       data     extern E:\3.46\pic18-lt\cxx-framework\src\traditional\proc\p18f4620.asm
                     IPR2   0x000fa2       data     extern E:\3.46\pic18-lt\cxx-framework\src\traditional\proc\p18f4620.asm
                 IPR2bits   0x000fa2       data     extern E:\3.46\pic18-lt\cxx-framework\src\traditional\proc\p18f4620.asm
                     LATA   0x000f89       data     extern E:\3.46\pic18-lt\cxx-framework\src\traditional\proc\p18f4620.asm
                 LATAbits   0x000f89       data     extern E:\3.46\pic18-lt\cxx-framework\src\traditional\proc\p18f4620.asm
                     LATB   0x000f8a       data     extern E:\3.46\pic18-lt\cxx-framework\src\traditional\proc\p18f4620.asm
                 LATBbits   0x000f8a       data     extern E:\3.46\pic18-lt\cxx-framework\src\traditional\proc\p18f4620.asm
                     LATC   0x000f8b       data     extern E:\3.46\pic18-lt\cxx-framework\src\traditional\proc\p18f4620.asm
                 LATCbits   0x000f8b       data     extern E:\3.46\pic18-lt\cxx-framework\src\traditional\proc\p18f4620.asm
                     LATD   0x000f8c       data     extern E:\3.46\pic18-lt\cxx-framework\src\traditional\proc\p18f4620.asm
                 LATDbits   0x000f8c       data     extern E:\3.46\pic18-lt\cxx-framework\src\traditional\proc\p18f4620.asm
                     LATE   0x000f8d       data     extern E:\3.46\pic18-lt\cxx-framework\src\traditional\proc\p18f4620.asm
                 LATEbits   0x000f8d       data     extern E:\3.46\pic18-lt\cxx-framework\src\traditional\proc\p18f4620.asm
                LED7_mask   0x00009d       data     extern D:\DA TKLL\PICKITMPLAB\Bai9_I2C_Full\main.c
              LED7_select   0x0000b1       data     extern D:\DA TKLL\PICKITMPLAB\Bai9_I2C_Full\main.c
                   LVDCON   0x000fd2       data     extern E:\3.46\pic18-lt\cxx-framework\src\traditional\proc\p18f4620.asm
               LVDCONbits   0x000fd2       data     extern E:\3.46\pic18-lt\cxx-framework\src\traditional\proc\p18f4620.asm
                LcdScreen   0x000141       data     extern D:\DA TKLL\PICKITMPLAB\Bai9_I2C_Full\lcd\lcd.c
              Menucontrol   0x0000f8       data     extern D:\DA TKLL\PICKITMPLAB\Bai9_I2C_Full\main.c
                NH4_value   0x0001db       data     extern D:\DA TKLL\PICKITMPLAB\Bai9_I2C_Full\simulate_machine\simulate_machine.c
                NO3_value   0x0001da       data     extern D:\DA TKLL\PICKITMPLAB\Bai9_I2C_Full\simulate_machine\simulate_machine.c
                   OSCCON   0x000fd3       data     extern E:\3.46\pic18-lt\cxx-framework\src\traditional\proc\p18f4620.asm
               OSCCONbits   0x000fd3       data     extern E:\3.46\pic18-lt\cxx-framework\src\traditional\proc\p18f4620.asm
                  OSCTUNE   0x000f9b       data     extern E:\3.46\pic18-lt\cxx-framework\src\traditional\proc\p18f4620.asm
              OSCTUNEbits   0x000f9b       data     extern E:\3.46\pic18-lt\cxx-framework\src\traditional\proc\p18f4620.asm
                       PC   0x000ff9       data     extern E:\3.46\pic18-lt\cxx-framework\src\traditional\proc\p18f4620.asm
                      PCL   0x000ff9       data     extern E:\3.46\pic18-lt\cxx-framework\src\traditional\proc\p18f4620.asm
                   PCLATH   0x000ffa       data     extern E:\3.46\pic18-lt\cxx-framework\src\traditional\proc\p18f4620.asm
                   PCLATU   0x000ffb       data     extern E:\3.46\pic18-lt\cxx-framework\src\traditional\proc\p18f4620.asm
                     PIE1   0x000f9d       data     extern E:\3.46\pic18-lt\cxx-framework\src\traditional\proc\p18f4620.asm
                 PIE1bits   0x000f9d       data     extern E:\3.46\pic18-lt\cxx-framework\src\traditional\proc\p18f4620.asm
                     PIE2   0x000fa0       data     extern E:\3.46\pic18-lt\cxx-framework\src\traditional\proc\p18f4620.asm
                 PIE2bits   0x000fa0       data     extern E:\3.46\pic18-lt\cxx-framework\src\traditional\proc\p18f4620.asm
                     PIR1   0x000f9e       data     extern E:\3.46\pic18-lt\cxx-framework\src\traditional\proc\p18f4620.asm
                 PIR1bits   0x000f9e       data     extern E:\3.46\pic18-lt\cxx-framework\src\traditional\proc\p18f4620.asm
                     PIR2   0x000fa1       data     extern E:\3.46\pic18-lt\cxx-framework\src\traditional\proc\p18f4620.asm
                 PIR2bits   0x000fa1       data     extern E:\3.46\pic18-lt\cxx-framework\src\traditional\proc\p18f4620.asm
                   PLUSW0   0x000feb       data     extern E:\3.46\pic18-lt\cxx-framework\src\traditional\proc\p18f4620.asm
                   PLUSW1   0x000fe3       data     extern E:\3.46\pic18-lt\cxx-framework\src\traditional\proc\p18f4620.asm
                   PLUSW2   0x000fdb       data     extern E:\3.46\pic18-lt\cxx-framework\src\traditional\proc\p18f4620.asm
                    PORTA   0x000f80       data     extern E:\3.46\pic18-lt\cxx-framework\src\traditional\proc\p18f4620.asm
                PORTAbits   0x000f80       data     extern E:\3.46\pic18-lt\cxx-framework\src\traditional\proc\p18f4620.asm
                    PORTB   0x000f81       data     extern E:\3.46\pic18-lt\cxx-framework\src\traditional\proc\p18f4620.asm
                PORTBbits   0x000f81       data     extern E:\3.46\pic18-lt\cxx-framework\src\traditional\proc\p18f4620.asm
                    PORTC   0x000f82       data     extern E:\3.46\pic18-lt\cxx-framework\src\traditional\proc\p18f4620.asm
                PORTCbits   0x000f82       data     extern E:\3.46\pic18-lt\cxx-framework\src\traditional\proc\p18f4620.asm
                    PORTD   0x000f83       data     extern E:\3.46\pic18-lt\cxx-framework\src\traditional\proc\p18f4620.asm
                PORTDbits   0x000f83       data     extern E:\3.46\pic18-lt\cxx-framework\src\traditional\proc\p18f4620.asm
                    PORTE   0x000f84       data     extern E:\3.46\pic18-lt\cxx-framework\src\traditional\proc\p18f4620.asm
                PORTEbits   0x000f84       data     extern E:\3.46\pic18-lt\cxx-framework\src\traditional\proc\p18f4620.asm
                 POSTDEC0   0x000fed       data     extern E:\3.46\pic18-lt\cxx-framework\src\traditional\proc\p18f4620.asm
                 POSTDEC1   0x000fe5       data     extern E:\3.46\pic18-lt\cxx-framework\src\traditional\proc\p18f4620.asm
                 POSTDEC2   0x000fdd       data     extern E:\3.46\pic18-lt\cxx-framework\src\traditional\proc\p18f4620.asm
                 POSTINC0   0x000fee       data     extern E:\3.46\pic18-lt\cxx-framework\src\traditional\proc\p18f4620.asm
                 POSTINC1   0x000fe6       data     extern E:\3.46\pic18-lt\cxx-framework\src\traditional\proc\p18f4620.asm
                 POSTINC2   0x000fde       data     extern E:\3.46\pic18-lt\cxx-framework\src\traditional\proc\p18f4620.asm
                      PR2   0x000fcb       data     extern E:\3.46\pic18-lt\cxx-framework\src\traditional\proc\p18f4620.asm
                  PREINC0   0x000fec       data     extern E:\3.46\pic18-lt\cxx-framework\src\traditional\proc\p18f4620.asm
                  PREINC1   0x000fe4       data     extern E:\3.46\pic18-lt\cxx-framework\src\traditional\proc\p18f4620.asm
                  PREINC2   0x000fdc       data     extern E:\3.46\pic18-lt\cxx-framework\src\traditional\proc\p18f4620.asm
                     PROD   0x000ff3       data     extern E:\3.46\pic18-lt\cxx-framework\src\traditional\proc\p18f4620.asm
                    PRODH   0x000ff4       data     extern E:\3.46\pic18-lt\cxx-framework\src\traditional\proc\p18f4620.asm
                    PRODL   0x000ff3       data     extern E:\3.46\pic18-lt\cxx-framework\src\traditional\proc\p18f4620.asm
                  PWM1CON   0x000fb7       data     extern E:\3.46\pic18-lt\cxx-framework\src\traditional\proc\p18f4620.asm
              PWM1CONbits   0x000fb7       data     extern E:\3.46\pic18-lt\cxx-framework\src\traditional\proc\p18f4620.asm
                     RCON   0x000fd0       data     extern E:\3.46\pic18-lt\cxx-framework\src\traditional\proc\p18f4620.asm
                 RCONbits   0x000fd0       data     extern E:\3.46\pic18-lt\cxx-framework\src\traditional\proc\p18f4620.asm
                    RCREG   0x000fae       data     extern E:\3.46\pic18-lt\cxx-framework\src\traditional\proc\p18f4620.asm
                    RCSTA   0x000fab       data     extern E:\3.46\pic18-lt\cxx-framework\src\traditional\proc\p18f4620.asm
                RCSTAbits   0x000fab       data     extern E:\3.46\pic18-lt\cxx-framework\src\traditional\proc\p18f4620.asm
                       RH   0x000194       data     extern D:\DA TKLL\PICKITMPLAB\Bai9_I2C_Full\main.c
                RH_byte_1   0x000191       data     extern D:\DA TKLL\PICKITMPLAB\Bai9_I2C_Full\main.c
                RH_byte_2   0x000192       data     extern D:\DA TKLL\PICKITMPLAB\Bai9_I2C_Full\main.c
             ReadValueAdc   0x0000f6       data     extern D:\DA TKLL\PICKITMPLAB\Bai9_I2C_Full\main.c
                     SIGN   0x000000       data     extern E:\3.46\pic18-lt\cxx-framework\src\traditional\math\cmath18.asm
                    SPBRG   0x000faf       data     extern E:\3.46\pic18-lt\cxx-framework\src\traditional\proc\p18f4620.asm
                   SPBRGH   0x000fb0       data     extern E:\3.46\pic18-lt\cxx-framework\src\traditional\proc\p18f4620.asm
                   SSPADD   0x000fc8       data     extern E:\3.46\pic18-lt\cxx-framework\src\traditional\proc\p18f4620.asm
                   SSPBUF   0x000fc9       data     extern E:\3.46\pic18-lt\cxx-framework\src\traditional\proc\p18f4620.asm
                  SSPCON1   0x000fc6       data     extern E:\3.46\pic18-lt\cxx-framework\src\traditional\proc\p18f4620.asm
              SSPCON1bits   0x000fc6       data     extern E:\3.46\pic18-lt\cxx-framework\src\traditional\proc\p18f4620.asm
                  SSPCON2   0x000fc5       data     extern E:\3.46\pic18-lt\cxx-framework\src\traditional\proc\p18f4620.asm
              SSPCON2bits   0x000fc5       data     extern E:\3.46\pic18-lt\cxx-framework\src\traditional\proc\p18f4620.asm
                  SSPSTAT   0x000fc7       data     extern E:\3.46\pic18-lt\cxx-framework\src\traditional\proc\p18f4620.asm
              SSPSTATbits   0x000fc7       data     extern E:\3.46\pic18-lt\cxx-framework\src\traditional\proc\p18f4620.asm
                   STATUS   0x000fd8       data     extern E:\3.46\pic18-lt\cxx-framework\src\traditional\proc\p18f4620.asm
               STATUSbits   0x000fd8       data     extern E:\3.46\pic18-lt\cxx-framework\src\traditional\proc\p18f4620.asm
                   STKPTR   0x000ffc       data     extern E:\3.46\pic18-lt\cxx-framework\src\traditional\proc\p18f4620.asm
               STKPTRbits   0x000ffc       data     extern E:\3.46\pic18-lt\cxx-framework\src\traditional\proc\p18f4620.asm
                 Sumation   0x000195       data     extern D:\DA TKLL\PICKITMPLAB\Bai9_I2C_Full\main.c
                    T0CON   0x000fd5       data     extern E:\3.46\pic18-lt\cxx-framework\src\traditional\proc\p18f4620.asm
                T0CONbits   0x000fd5       data     extern E:\3.46\pic18-lt\cxx-framework\src\traditional\proc\p18f4620.asm
                    T1CON   0x000fcd       data     extern E:\3.46\pic18-lt\cxx-framework\src\traditional\proc\p18f4620.asm
                T1CONbits   0x000fcd       data     extern E:\3.46\pic18-lt\cxx-framework\src\traditional\proc\p18f4620.asm
                    T2CON   0x000fca       data     extern E:\3.46\pic18-lt\cxx-framework\src\traditional\proc\p18f4620.asm
                T2CONbits   0x000fca       data     extern E:\3.46\pic18-lt\cxx-framework\src\traditional\proc\p18f4620.asm
                    T3CON   0x000fb1       data     extern E:\3.46\pic18-lt\cxx-framework\src\traditional\proc\p18f4620.asm
                T3CONbits   0x000fb1       data     extern E:\3.46\pic18-lt\cxx-framework\src\traditional\proc\p18f4620.asm
                   TABLAT   0x000ff5       data     extern E:\3.46\pic18-lt\cxx-framework\src\traditional\proc\p18f4620.asm
                   TBLPTR   0x000ff6       data     extern E:\3.46\pic18-lt\cxx-framework\src\traditional\proc\p18f4620.asm
                  TBLPTRH   0x000ff7       data     extern E:\3.46\pic18-lt\cxx-framework\src\traditional\proc\p18f4620.asm
                  TBLPTRL   0x000ff6       data     extern E:\3.46\pic18-lt\cxx-framework\src\traditional\proc\p18f4620.asm
                  TBLPTRU   0x000ff8       data     extern E:\3.46\pic18-lt\cxx-framework\src\traditional\proc\p18f4620.asm
               TEMP_value   0x0001d5       data     extern D:\DA TKLL\PICKITMPLAB\Bai9_I2C_Full\simulate_machine\simulate_machine.c
                    TMR0H   0x000fd7       data     extern E:\3.46\pic18-lt\cxx-framework\src\traditional\proc\p18f4620.asm
                    TMR0L   0x000fd6       data     extern E:\3.46\pic18-lt\cxx-framework\src\traditional\proc\p18f4620.asm
                    TMR1H   0x000fcf       data     extern E:\3.46\pic18-lt\cxx-framework\src\traditional\proc\p18f4620.asm
                    TMR1L   0x000fce       data     extern E:\3.46\pic18-lt\cxx-framework\src\traditional\proc\p18f4620.asm
                     TMR2   0x000fcc       data     extern E:\3.46\pic18-lt\cxx-framework\src\traditional\proc\p18f4620.asm
                    TMR3H   0x000fb3       data     extern E:\3.46\pic18-lt\cxx-framework\src\traditional\proc\p18f4620.asm
                    TMR3L   0x000fb2       data     extern E:\3.46\pic18-lt\cxx-framework\src\traditional\proc\p18f4620.asm
                      TOS   0x000ffd       data     extern E:\3.46\pic18-lt\cxx-framework\src\traditional\proc\p18f4620.asm
                     TOSH   0x000ffe       data     extern E:\3.46\pic18-lt\cxx-framework\src\traditional\proc\p18f4620.asm
                     TOSL   0x000ffd       data     extern E:\3.46\pic18-lt\cxx-framework\src\traditional\proc\p18f4620.asm
                     TOSU   0x000fff       data     extern E:\3.46\pic18-lt\cxx-framework\src\traditional\proc\p18f4620.asm
                    TRISA   0x000f92       data     extern E:\3.46\pic18-lt\cxx-framework\src\traditional\proc\p18f4620.asm
                TRISAbits   0x000f92       data     extern E:\3.46\pic18-lt\cxx-framework\src\traditional\proc\p18f4620.asm
                    TRISB   0x000f93       data     extern E:\3.46\pic18-lt\cxx-framework\src\traditional\proc\p18f4620.asm
                TRISBbits   0x000f93       data     extern E:\3.46\pic18-lt\cxx-framework\src\traditional\proc\p18f4620.asm
                    TRISC   0x000f94       data     extern E:\3.46\pic18-lt\cxx-framework\src\traditional\proc\p18f4620.asm
                TRISCbits   0x000f94       data     extern E:\3.46\pic18-lt\cxx-framework\src\traditional\proc\p18f4620.asm
                    TRISD   0x000f95       data     extern E:\3.46\pic18-lt\cxx-framework\src\traditional\proc\p18f4620.asm
                TRISDbits   0x000f95       data     extern E:\3.46\pic18-lt\cxx-framework\src\traditional\proc\p18f4620.asm
                    TRISE   0x000f96       data     extern E:\3.46\pic18-lt\cxx-framework\src\traditional\proc\p18f4620.asm
                TRISEbits   0x000f96       data     extern E:\3.46\pic18-lt\cxx-framework\src\traditional\proc\p18f4620.asm
                TSS_value   0x0001d9       data     extern D:\DA TKLL\PICKITMPLAB\Bai9_I2C_Full\simulate_machine\simulate_machine.c
                    TXREG   0x000fad       data     extern E:\3.46\pic18-lt\cxx-framework\src\traditional\proc\p18f4620.asm
                    TXSTA   0x000fac       data     extern E:\3.46\pic18-lt\cxx-framework\src\traditional\proc\p18f4620.asm
                TXSTAbits   0x000fac       data     extern E:\3.46\pic18-lt\cxx-framework\src\traditional\proc\p18f4620.asm
[...]
                     DDRB   0x000f93       data     extern E:\3.46\pic18-lt\cxx-framework\src\traditional\proc\p18f4620.asm
                    TRISC   0x000f94       data     extern E:\3.46\pic18-lt\cxx-framework\src\traditional\proc\p18f4620.asm
                TRISCbits   0x000f94       data     extern E:\3.46\pic18-lt\cxx-framework\src\traditional\proc\p18f4620.asm
                 DDRCbits   0x000f94       data     extern E:\3.46\pic18-lt\cxx-framework\src\traditional\proc\p18f4620.asm
                     DDRC   0x000f94       data     extern E:\3.46\pic18-lt\cxx-framework\src\traditional\proc\p18f4620.asm
                    TRISD   0x000f95       data     extern E:\3.46\pic18-lt\cxx-framework\src\traditional\proc\p18f4620.asm
                TRISDbits   0x000f95       data     extern E:\3.46\pic18-lt\cxx-framework\src\traditional\proc\p18f4620.asm
                     DDRD   0x000f95       data     extern E:\3.46\pic18-lt\cxx-framework\src\traditional\proc\p18f4620.asm
                 DDRDbits   0x000f95       data     extern E:\3.46\pic18-lt\cxx-framework\src\traditional\proc\p18f4620.asm
                     DDRE   0x000f96       data     extern E:\3.46\pic18-lt\cxx-framework\src\traditional\proc\p18f4620.asm
                 DDREbits   0x000f96       data     extern E:\3.46\pic18-lt\cxx-framework\src\traditional\proc\p18f4620.asm
                TRISEbits   0x000f96       data     extern E:\3.46\pic18-lt\cxx-framework\src\traditional\proc\p18f4620.asm
                    TRISE   0x000f96       data     extern E:\3.46\pic18-lt\cxx-framework\src\traditional\proc\p18f4620.asm
              OSCTUNEbits   0x000f9b       data     extern E:\3.46\pic18-lt\cxx-framework\src\traditional\proc\p18f4620.asm
                  OSCTUNE   0x000f9b       data     extern E:\3.46\pic18-lt\cxx-framework\src\traditional\proc\p18f4620.asm
                     PIE1   0x000f9d       data     extern E:\3.46\pic18-lt\cxx-framework\src\traditional\proc\p18f4620.asm
                 PIE1bits   0x000f9d       data     extern E:\3.46\pic18-lt\cxx-framework\src\traditional\proc\p18f4620.asm
                     PIR1   0x000f9e       data     extern E:\3.46\pic18-lt\cxx-framework\src\traditional\proc\p18f4620.asm
                 PIR1bits   0x000f9e       data     extern E:\3.46\pic18-lt\cxx-framework\src\traditional\proc\p18f4620.asm
                     IPR1   0x000f9f       data     extern E:\3.46\pic18-lt\cxx-framework\src\traditional\proc\p18f4620.asm
                 IPR1bits   0x000f9f       data     extern E:\3.46\pic18-lt\cxx-framework\src\traditional\proc\p18f4620.asm
                     PIE2   0x000fa0       data     extern E:\3.46\pic18-lt\cxx-framework\src\traditional\proc\p18f4620.asm
                 PIE2bits   0x000fa0       data     extern E:\3.46\pic18-lt\cxx-framework\src\traditional\proc\p18f4620.asm
                 PIR2bits   0x000fa1       data     extern E:\3.46\pic18-lt\cxx-framework\src\traditional\proc\p18f4620.asm
                     PIR2   0x000fa1       data     extern E:\3.46\pic18-lt\cxx-framework\src\traditional\proc\p18f4620.asm
                 IPR2bits   0x000fa2       data     extern E:\3.46\pic18-lt\cxx-framework\src\traditional\proc\p18f4620.asm
                     IPR2   0x000fa2       data     extern E:\3.46\pic18-lt\cxx-framework\src\traditional\proc\p18f4620.asm
                   EECON1   0x000fa6       data     extern E:\3.46\pic18-lt\cxx-framework\src\traditional\proc\p18f4620.asm
               EECON1bits   0x000fa6       data     extern E:\3.46\pic18-lt\cxx-framework\src\traditional\proc\p18f4620.asm
                   EECON2   0x000fa7       data     extern E:\3.46\pic18-lt\cxx-framework\src\traditional\proc\p18f4620.asm
                   EEDATA   0x000fa8       data     extern E:\3.46\pic18-lt\cxx-framework\src\traditional\proc\p18f4620.asm
                    EEADR   0x000fa9       data     extern E:\3.46\pic18-lt\cxx-framework\src\traditional\proc\p18f4620.asm
                   EEADRH   0x000faa       data     extern E:\3.46\pic18-lt\cxx-framework\src\traditional\proc\p18f4620.asm
                RCSTAbits   0x000fab       data     extern E:\3.46\pic18-lt\cxx-framework\src\traditional\proc\p18f4620.asm
                    RCSTA   0x000fab       data     extern E:\3.46\pic18-lt\cxx-framework\src\traditional\proc\p18f4620.asm
                TXSTAbits   0x000fac       data     extern E:\3.46\pic18-lt\cxx-framework\src\traditional\proc\p18f4620.asm
                    TXSTA   0x000fac       data     extern E:\3.46\pic18-lt\cxx-framework\src\traditional\proc\p18f4620.asm
                    TXREG   0x000fad       data     extern E:\3.46\pic18-lt\cxx-framework\src\traditional\proc\p18f4620.asm
                    RCREG   0x000fae       data     extern E:\3.46\pic18-lt\cxx-framework\src\traditional\proc\p18f4620.asm
                    SPBRG   0x000faf       data     extern E:\3.46\pic18-lt\cxx-framework\src\traditional\proc\p18f4620.asm
                   SPBRGH   0x000fb0       data     extern E:\3.46\pic18-lt\cxx-framework\src\traditional\proc\p18f4620.asm
                T3CONbits   0x000fb1       data     extern E:\3.46\pic18-lt\cxx-framework\src\traditional\proc\p18f4620.asm
                    T3CON   0x000fb1       data     extern E:\3.46\pic18-lt\cxx-framework\src\traditional\proc\p18f4620.asm
                    TMR3L   0x000fb2       data     extern E:\3.46\pic18-lt\cxx-framework\src\traditional\proc\p18f4620.asm
                    TMR3H   0x000fb3       data     extern E:\3.46\pic18-lt\cxx-framework\src\traditional\proc\p18f4620.asm
                CMCONbits   0x000fb4       data     extern E:\3.46\pic18-lt\cxx-framework\src\traditional\proc\p18f4620.asm
                    CMCON   0x000fb4       data     extern E:\3.46\pic18-lt\cxx-framework\src\traditional\proc\p18f4620.asm
                   CVRCON   0x000fb5       data     extern E:\3.46\pic18-lt\cxx-framework\src\traditional\proc\p18f4620.asm
               CVRCONbits   0x000fb5       data     extern E:\3.46\pic18-lt\cxx-framework\src\traditional\proc\p18f4620.asm
                  ECCP1AS   0x000fb6       data     extern E:\3.46\pic18-lt\cxx-framework\src\traditional\proc\p18f4620.asm
              ECCP1ASbits   0x000fb6       data     extern E:\3.46\pic18-lt\cxx-framework\src\traditional\proc\p18f4620.asm
                  PWM1CON   0x000fb7       data     extern E:\3.46\pic18-lt\cxx-framework\src\traditional\proc\p18f4620.asm
              PWM1CONbits   0x000fb7       data     extern E:\3.46\pic18-lt\cxx-framework\src\traditional\proc\p18f4620.asm
              BAUDCTLbits   0x000fb8       data     extern E:\3.46\pic18-lt\cxx-framework\src\traditional\proc\p18f4620.asm
                  BAUDCTL   0x000fb8       data     extern E:\3.46\pic18-lt\cxx-framework\src\traditional\proc\p18f4620.asm
              BAUDCONbits   0x000fb8       data     extern E:\3.46\pic18-lt\cxx-framework\src\traditional\proc\p18f4620.asm
                  BAUDCON   0x000fb8       data     extern E:\3.46\pic18-lt\cxx-framework\src\traditional\proc\p18f4620.asm
              CCP2CONbits   0x000fba       data     extern E:\3.46\pic18-lt\cxx-framework\src\traditional\proc\p18f4620.asm
                  CCP2CON   0x000fba       data     extern E:\3.46\pic18-lt\cxx-framework\src\traditional\proc\p18f4620.asm
                   CCPR2L   0x000fbb       data     extern E:\3.46\pic18-lt\cxx-framework\src\traditional\proc\p18f4620.asm
                    CCPR2   0x000fbb       data     extern E:\3.46\pic18-lt\cxx-framework\src\traditional\proc\p18f4620.asm
                   CCPR2H   0x000fbc       data     extern E:\3.46\pic18-lt\cxx-framework\src\traditional\proc\p18f4620.asm
              CCP1CONbits   0x000fbd       data     extern E:\3.46\pic18-lt\cxx-framework\src\traditional\proc\p18f4620.asm
                  CCP1CON   0x000fbd       data     extern E:\3.46\pic18-lt\cxx-framework\src\traditional\proc\p18f4620.asm
                   CCPR1L   0x000fbe       data     extern E:\3.46\pic18-lt\cxx-framework\src\traditional\proc\p18f4620.asm
                    CCPR1   0x000fbe       data     extern E:\3.46\pic18-lt\cxx-framework\src\traditional\proc\p18f4620.asm
                   CCPR1H   0x000fbf       data     extern E:\3.46\pic18-lt\cxx-framework\src\traditional\proc\p18f4620.asm
                   ADCON2   0x000fc0       data     extern E:\3.46\pic18-lt\cxx-framework\src\traditional\proc\p18f4620.asm
               ADCON2bits   0x000fc0       data     extern E:\3.46\pic18-lt\cxx-framework\src\traditional\proc\p18f4620.asm
                   ADCON1   0x000fc1       data     extern E:\3.46\pic18-lt\cxx-framework\src\traditional\proc\p18f4620.asm
               ADCON1bits   0x000fc1       data     extern E:\3.46\pic18-lt\cxx-framework\src\traditional\proc\p18f4620.asm
                   ADCON0   0x000fc2       data     extern E:\3.46\pic18-lt\cxx-framework\src\traditional\proc\p18f4620.asm
               ADCON0bits   0x000fc2       data     extern E:\3.46\pic18-lt\cxx-framework\src\traditional\proc\p18f4620.asm
                    ADRES   0x000fc3       data     extern E:\3.46\pic18-lt\cxx-framework\src\traditional\proc\p18f4620.asm
                   ADRESL   0x000fc3       data     extern E:\3.46\pic18-lt\cxx-framework\src\traditional\proc\p18f4620.asm
                   ADRESH   0x000fc4       data     extern E:\3.46\pic18-lt\cxx-framework\src\traditional\proc\p18f4620.asm
                  SSPCON2   0x000fc5       data     extern E:\3.46\pic18-lt\cxx-framework\src\traditional\proc\p18f4620.asm
              SSPCON2bits   0x000fc5       data     extern E:\3.46\pic18-lt\cxx-framework\src\traditional\proc\p18f4620.asm
                  SSPCON1   0x000fc6       data     extern E:\3.46\pic18-lt\cxx-framework\src\traditional\proc\p18f4620.asm
              SSPCON1bits   0x000fc6       data     extern E:\3.46\pic18-lt\cxx-framework\src\traditional\proc\p18f4620.asm
                  SSPSTAT   0x000fc7       data     extern E:\3.46\pic18-lt\cxx-framework\src\traditional\proc\p18f4620.asm
              SSPSTATbits   0x000fc7       data     extern E:\3.46\pic18-lt\cxx-framework\src\traditional\proc\p18f4620.asm
                   SSPADD   0x000fc8       data     extern E:\3.46\pic18-lt\cxx-framework\src\traditional\proc\p18f4620.asm
                   SSPBUF   0x000fc9       data     extern E:\3.46\pic18-lt\cxx-framework\src\traditional\proc\p18f4620.asm
                    T2CON   0x000fca       data     extern E:\3.46\pic18-lt\cxx-framework\src\traditional\proc\p18f4620.asm
                T2CONbits   0x000fca       data     extern E:\3.46\pic18-lt\cxx-framework\src\traditional\proc\p18f4620.asm
                      PR2   0x000fcb       data     extern E:\3.46\pic18-lt\cxx-framework\src\traditional\proc\p18f4620.asm
                     TMR2   0x000fcc       data     extern E:\3.46\pic18-lt\cxx-framework\src\traditional\proc\p18f4620.asm
                T1CONbits   0x000fcd       data     extern E:\3.46\pic18-lt\cxx-framework\src\traditional\proc\p18f4620.asm
                    T1CON   0x000fcd       data     extern E:\3.46\pic18-lt\cxx-framework\src\traditional\proc\p18f4620.asm
                    TMR1L   0x000fce       data     extern E:\3.46\pic18-lt\cxx-framework\src\traditional\proc\p18f4620.asm
                    TMR1H   0x000fcf       data     extern E:\3.46\pic18-lt\cxx-framework\src\traditional\proc\p18f4620.asm
                     RCON   0x000fd0       data     extern E:\3.46\pic18-lt\cxx-framework\src\traditional\proc\p18f4620.asm
                 RCONbits   0x000fd0       data     extern E:\3.46\pic18-lt\cxx-framework\src\traditional\proc\p18f4620.asm
               WDTCONbits   0x000fd1       data     extern E:\3.46\pic18-lt\cxx-framework\src\traditional\proc\p18f4620.asm
                   WDTCON   0x000fd1       data     extern E:\3.46\pic18-lt\cxx-framework\src\traditional\proc\p18f4620.asm
               LVDCONbits   0x000fd2       data     extern E:\3.46\pic18-lt\cxx-framework\src\traditional\proc\p18f4620.asm
                   LVDCON   0x000fd2       data     extern E:\3.46\pic18-lt\cxx-framework\src\traditional\proc\p18f4620.asm
              HLVDCONbits   0x000fd2       data     extern E:\3.46\pic18-lt\cxx-framework\src\traditional\proc\p18f4620.asm
                  HLVDCON   0x000fd2       data     extern E:\3.46\pic18-lt\cxx-framework\src\traditional\proc\p18f4620.asm
               OSCCONbits   0x000fd3       data     extern E:\3.46\pic18-lt\cxx-framework\src\traditional\proc\p18f4620.asm
                   OSCCON   0x000fd3       data     extern E:\3.46\pic18-lt\cxx-framework\src\traditional\proc\p18f4620.asm
                T0CONbits   0x000fd5       data     extern E:\3.46\pic18-lt\cxx-framework\src\traditional\proc\p18f4620.asm
                    T0CON   0x000fd5       data     extern E:\3.46\pic18-lt\cxx-framework\src\traditional\proc\p18f4620.asm
                    TMR0L   0x000fd6       data     extern E:\3.46\pic18-lt\cxx-framework\src\traditional\proc\p18f4620.asm
                    TMR0H   0x000fd7       data     extern E:\3.46\pic18-lt\cxx-framework\src\traditional\proc\p18f4620.asm
                   STATUS   0x000fd8       data     extern E:\3.46\pic18-lt\cxx-framework\src\traditional\proc\p18f4620.asm
               STATUSbits   0x000fd8       data     extern E:\3.46\pic18-lt\cxx-framework\src\traditional\proc\p18f4620.asm
                     FSR2   0x000fd9       data     extern E:\3.46\pic18-lt\cxx-framework\src\traditional\proc\p18f4620.asm
                    FSR2L   0x000fd9       data     extern E:\3.46\pic18-lt\cxx-framework\src\traditional\proc\p18f4620.asm
                    FSR2H   0x000fda       data     extern E:\3.46\pic18-lt\cxx-framework\src\traditional\proc\p18f4620.asm
                   PLUSW2   0x000fdb       data     extern E:\3.46\pic18-lt\cxx-framework\src\traditional\proc\p18f4620.asm
                  PREINC2   0x000fdc       data     extern E:\3.46\pic18-lt\cxx-framework\src\traditional\proc\p18f4620.asm
                 POSTDEC2   0x000fdd       data     extern E:\3.46\pic18-lt\cxx-framework\src\traditional\proc\p18f4620.asm
                 POSTINC2   0x000fde       data     extern E:\3.46\pic18-lt\cxx-framework\src\traditional\proc\p18f4620.asm
                    INDF2   0x000fdf       data     extern E:\3.46\pic18-lt\cxx-framework\src\traditional\proc\p18f4620.asm
                      BSR   0x000fe0       data     extern E:\3.46\pic18-lt\cxx-framework\src\traditional\proc\p18f4620.asm
                     FSR1   0x000fe1       data     extern E:\3.46\pic18-lt\cxx-framework\src\traditional\proc\p18f4620.asm
                    FSR1L   0x000fe1       data     extern E:\3.46\pic18-lt\cxx-framework\src\traditional\proc\p18f4620.asm
                    FSR1H   0x000fe2       data     extern E:\3.46\pic18-lt\cxx-framework\src\traditional\proc\p18f4620.asm
                   PLUSW1   0x000fe3       data     extern E:\3.46\pic18-lt\cxx-framework\src\traditional\proc\p18f4620.asm
                  PREINC1   0x000fe4       data     extern E:\3.46\pic18-lt\cxx-framework\src\traditional\proc\p18f4620.asm
                 POSTDEC1   0x000fe5       data     extern E:\3.46\pic18-lt\cxx-framework\src\traditional\proc\p18f4620.asm
                 POSTINC1   0x000fe6       data     extern E:\3.46\pic18-lt\cxx-framework\src\traditional\proc\p18f4620.asm
                    INDF1   0x000fe7       data     extern E:\3.46\pic18-lt\cxx-framework\src\traditional\proc\p18f4620.asm
                        W   0x000fe8       data     extern E:\3.46\pic18-lt\cxx-framework\src\traditional\proc\p18f4620.asm
                     WREG   0x000fe8       data     extern E:\3.46\pic18-lt\cxx-framework\src\traditional\proc\p18f4620.asm
                    FSR0L   0x000fe9       data     extern E:\3.46\pic18-lt\cxx-framework\src\traditional\proc\p18f4620.asm
                     FSR0   0x000fe9       data     extern E:\3.46\pic18-lt\cxx-framework\src\traditional\proc\p18f4620.asm
                    FSR0H   0x000fea       data     extern E:\3.46\pic18-lt\cxx-framework\src\traditional\proc\p18f4620.asm
                   PLUSW0   0x000feb       data     extern E:\3.46\pic18-lt\cxx-framework\src\traditional\proc\p18f4620.asm
                  PREINC0   0x000fec       data     extern E:\3.46\pic18-lt\cxx-framework\src\traditional\proc\p18f4620.asm
                 POSTDEC0   0x000fed       data     extern E:\3.46\pic18-lt\cxx-framework\src\traditional\proc\p18f4620.asm
                 POSTINC0   0x000fee       data     extern E:\3.46\pic18-lt\cxx-framework\src\traditional\proc\p18f4620.asm
                    INDF0   0x000fef       data     extern E:\3.46\pic18-lt\cxx-framework\src\traditional\proc\p18f4620.asm
              INTCON3bits   0x000ff0       data     extern E:\3.46\pic18-lt\cxx-framework\src\traditional\proc\p18f4620.asm
                  INTCON3   0x000ff0       data     extern E:\3.46\pic18-lt\cxx-framework\src\traditional\proc\p18f4620.asm
                  INTCON2   0x000ff1       data     extern E:\3.46\pic18-lt\cxx-framework\src\traditional\proc\p18f4620.asm
              INTCON2bits   0x000ff1       data     extern E:\3.46\pic18-lt\cxx-framework\src\traditional\proc\p18f4620.asm
                   INTCON   0x000ff2       data     extern E:\3.46\pic18-lt\cxx-framework\src\traditional\proc\p18f4620.asm
               INTCONbits   0x000ff2       data     extern E:\3.46\pic18-lt\cxx-framework\src\traditional\proc\p18f4620.asm
                     PROD   0x000ff3       data     extern E:\3.46\pic18-lt\cxx-framework\src\traditional\proc\p18f4620.asm
                    PRODL   0x000ff3       data     extern E:\3.46\pic18-lt\cxx-framework\src\traditional\proc\p18f4620.asm
                    PRODH   0x000ff4       data     extern E:\3.46\pic18-lt\cxx-framework\src\traditional\proc\p18f4620.asm
                   TABLAT   0x000ff5       data     extern E:\3.46\pic18-lt\cxx-framework\src\traditional\proc\p18f4620.asm
                  TBLPTRL   0x000ff6       data     extern E:\3.46\pic18-lt\cxx-framework\src\traditional\proc\p18f4620.asm
                   TBLPTR   0x000ff6       data     extern E:\3.46\pic18-lt\cxx-framework\src\traditional\proc\p18f4620.asm
                  TBLPTRH   0x000ff7       data     extern E:\3.46\pic18-lt\cxx-framework\src\traditional\proc\p18f4620.asm
                  TBLPTRU   0x000ff8       data     extern E:\3.46\pic18-lt\cxx-framework\src\traditional\proc\p18f4620.asm
                       PC   0x000ff9       data     extern E:\3.46\pic18-lt\cxx-framework\src\traditional\proc\p18f4620.asm
                      PCL   0x000ff9       data     extern E:\3.46\pic18-lt\cxx-framework\src\traditional\proc\p18f4620.asm
                   PCLATH   0x000ffa       data     extern E:\3.46\pic18-lt\cxx-framework\src\traditional\proc\p18f4620.asm
                   PCLATU   0x000ffb       data     extern E:\3.46\pic18-lt\cxx-framework\src\traditional\proc\p18f4620.asm
                   STKPTR   0x000ffc       data     extern E:\3.46\pic18-lt\cxx-framework\src\traditional\proc\p18f4620.asm
               STKPTRbits   0x000ffc       data     extern E:\3.46\pic18-lt\cxx-framework\src\traditional\proc\p18f4620.asm
                      TOS   0x000ffd       data     extern E:\3.46\pic18-lt\cxx-framework\src\traditional\proc\p18f4620.asm
                     TOSL   0x000ffd       data     extern E:\3.46\pic18-lt\cxx-framework\src\traditional\proc\p18f4620.asm
                     TOSH   0x000ffe       data     extern E:\3.46\pic18-lt\cxx-framework\src\traditional\proc\p18f4620.asm
                     TOSU   0x000fff       data     extern E:\3.46\pic18-lt\cxx-framework\src\traditional\proc\p18f4620.asm


